Archive member included to satisfy reference by file (symbol)

/Applications/SEGGER Embedded Studio for ARM 5.68/lib/libc_v7em_fpv4_sp_d16_hard_t_le_eabi.a(libc_asm.o)
                              Output/Release/Obj/ble_app_uart_pca10056_s140/bsp.o (__aeabi_uldivmod)
/Applications/SEGGER Embedded Studio for ARM 5.68/lib/libc_v7em_fpv4_sp_d16_hard_t_le_eabi.a(libc2.o)
                              Output/Release/Obj/ble_app_uart_pca10056_s140/nrf_log_str_formatter.o (isprint)
/Applications/SEGGER Embedded Studio for ARM 5.68/lib/libc_v7em_fpv4_sp_d16_hard_t_le_eabi.a(libc2_asm.o)
                              Output/Release/Obj/ble_app_uart_pca10056_s140/nrf_log_frontend.o (memcpy)
/Applications/SEGGER Embedded Studio for ARM 5.68/lib/libc_v7em_fpv4_sp_d16_hard_t_le_eabi.a(libvfprintf.o)
                              (__vfprintf_long)
/Applications/SEGGER Embedded Studio for ARM 5.68/lib/libc_v7em_fpv4_sp_d16_hard_t_le_eabi.a(libvfscanf.o)
                              (__vfscanf_int)
/Applications/SEGGER Embedded Studio for ARM 5.68/lib/libc_v7em_fpv4_sp_d16_hard_t_le_eabi.a(libc.o)
                              /Applications/SEGGER Embedded Studio for ARM 5.68/lib/libc_v7em_fpv4_sp_d16_hard_t_le_eabi.a(libc2.o) (__heap_lock)
/Applications/SEGGER Embedded Studio for ARM 5.68/lib/libdebugio_v7em_fpv4_sp_d16_hard_t_le_eabi.a(libdebugio.o)
                              Output/Release/Obj/ble_app_uart_pca10056_s140/thumb_crt0.o (debug_fopen)
/Applications/SEGGER Embedded Studio for ARM 5.68/lib/libdebugio_v7em_fpv4_sp_d16_hard_t_le_eabi.a(do_nv_debug_operation.o)
                              /Applications/SEGGER Embedded Studio for ARM 5.68/lib/libdebugio_v7em_fpv4_sp_d16_hard_t_le_eabi.a(libdebugio.o) (__do_nvdebug_operation)
/Applications/SEGGER Embedded Studio for ARM 5.68/lib/libdebugio_v7em_fpv4_sp_d16_hard_t_le_eabi.a(mempoll_debug_operations.o)
                              (__do_debug_operation_mempoll)
/Applications/SEGGER Embedded Studio for ARM 5.68/lib/libm_v7em_fpv4_sp_d16_hard_t_le_eabi.a(libm_asm.o)
                              /Applications/SEGGER Embedded Studio for ARM 5.68/lib/libc_v7em_fpv4_sp_d16_hard_t_le_eabi.a(libc2.o) (__aeabi_dadd)
/Applications/SEGGER Embedded Studio for ARM 5.68/lib/libm_v7em_fpv4_sp_d16_hard_t_le_eabi.a(libm2.o)
                              /Applications/SEGGER Embedded Studio for ARM 5.68/lib/libc_v7em_fpv4_sp_d16_hard_t_le_eabi.a(libvfprintf.o) (frexp)

Discarded input sections

 .text          0x0000000000000000        0x0 Output/Release/Obj/ble_app_uart_pca10056_s140/thumb_crt0.o
 .data          0x0000000000000000        0x0 Output/Release/Obj/ble_app_uart_pca10056_s140/thumb_crt0.o
 .bss           0x0000000000000000        0x0 Output/Release/Obj/ble_app_uart_pca10056_s140/thumb_crt0.o
 .text.__aeabi_read_tp
                0x0000000000000000        0x8 Output/Release/Obj/ble_app_uart_pca10056_s140/thumb_crt0.o
 .text.abort    0x0000000000000000        0x2 Output/Release/Obj/ble_app_uart_pca10056_s140/thumb_crt0.o
 .text.__assert
                0x0000000000000000        0x2 Output/Release/Obj/ble_app_uart_pca10056_s140/thumb_crt0.o
 .text.__assert_func
                0x0000000000000000        0x2 Output/Release/Obj/ble_app_uart_pca10056_s140/thumb_crt0.o
 .text.__aeabi_assert
                0x0000000000000000        0x2 Output/Release/Obj/ble_app_uart_pca10056_s140/thumb_crt0.o
 .text.__sync_synchronize
                0x0000000000000000        0x2 Output/Release/Obj/ble_app_uart_pca10056_s140/thumb_crt0.o
 .text.__getchar
                0x0000000000000000        0x4 Output/Release/Obj/ble_app_uart_pca10056_s140/thumb_crt0.o
 .text.__putchar
                0x0000000000000000        0x4 Output/Release/Obj/ble_app_uart_pca10056_s140/thumb_crt0.o
 .text.__open   0x0000000000000000        0x4 Output/Release/Obj/ble_app_uart_pca10056_s140/thumb_crt0.o
 .text.__close  0x0000000000000000        0x4 Output/Release/Obj/ble_app_uart_pca10056_s140/thumb_crt0.o
 .text.__write  0x0000000000000000        0xa Output/Release/Obj/ble_app_uart_pca10056_s140/thumb_crt0.o
 .text.__read   0x0000000000000000        0xa Output/Release/Obj/ble_app_uart_pca10056_s140/thumb_crt0.o
 .text.__seek   0x0000000000000000       0x1a Output/Release/Obj/ble_app_uart_pca10056_s140/thumb_crt0.o
 .text.remove   0x0000000000000000        0x4 Output/Release/Obj/ble_app_uart_pca10056_s140/thumb_crt0.o
 .text.rename   0x0000000000000000        0x4 Output/Release/Obj/ble_app_uart_pca10056_s140/thumb_crt0.o
 .bss.__user_locale_name_buffer
                0x0000000000000000        0x4 Output/Release/Obj/ble_app_uart_pca10056_s140/thumb_crt0.o
 .stack         0x0000000000000000        0x0 Output/Release/Obj/ble_app_uart_pca10056_s140/thumb_crt0.o
 .stack_process
                0x0000000000000000        0x0 Output/Release/Obj/ble_app_uart_pca10056_s140/thumb_crt0.o
 .heap          0x0000000000000000        0x0 Output/Release/Obj/ble_app_uart_pca10056_s140/thumb_crt0.o
[...]
Memory Configuration

Name             Origin             Length             Attributes
UNPLACED_SECTIONS 0x0000000100000000 0x0000000000000000 xw
RAM              0x0000000020000000 0x0000000000040000 xw
FLASH            0x0000000000000000 0x0000000000100000 xw
*default*        0x0000000000000000 0xffffffffffffffff

Linker script and memory map

                0x0000000000000000                __do_debug_operation = __do_debug_operation_mempoll
                0x0000000000000000                __vfprintf = __vfprintf_long
                0x0000000000000000                __vfscanf = __vfscanf_int
                0x0000000020000000                __RAM_segment_start__ = 0x20000000
                0x0000000020040000                __RAM_segment_end__ = 0x20040000
                0x0000000000040000                __RAM_segment_size__ = 0x40000
                0x0000000000000000                __FLASH_segment_start__ = 0x0
                0x0000000000100000                __FLASH_segment_end__ = 0x100000
                0x0000000000100000                __FLASH_segment_size__ = 0x100000
                0x0000000000002000                __HEAPSIZE__ = 0x2000
                0x0000000000000000                __STACKSIZE_PROCESS__ = 0x0
                0x0000000000002000                __STACKSIZE__ = 0x2000
                0x0000000020000000                __reserved_ram_load_start__ = 0x20000000

.reserved_ram   0x0000000020000000     0x2a98
                0x0000000020000000                __reserved_ram_start__ = .
 *(.reserved_ram .reserved_ram.*)
                0x0000000020002a98                . = MAX (((__reserved_ram_start__ + 0x20002a98) - 0x20000000), .)
 *fill*         0x0000000020000000     0x2a98 
                0x0000000020002a98                __reserved_ram_end__ = (__reserved_ram_start__ + SIZEOF (.reserved_ram))
                0x0000000000002a98                __reserved_ram_size__ = SIZEOF (.reserved_ram)
                0x0000000020002a98                __reserved_ram_load_end__ = __reserved_ram_end__
                0x0000000000000001                . = ASSERT (((__reserved_ram_start__ == __reserved_ram_end__) || ((__reserved_ram_end__ - __RAM_segment_start__) <= __RAM_segment_size__)), error: .reserved_ram is too large to fit in RAM memory segment)
                0x0000000020002a98                __vectors_ram_load_start__ = 0x20002a98

.vectors_ram    0x0000000020002a98        0x0
                0x0000000020002a98                __vectors_ram_start__ = .
                0x0000000020002a98                __app_ram_start__ = __vectors_ram_start__
 *(.vectors_ram .vectors_ram.*)
                0x0000000020002a98                __vectors_ram_end__ = (__vectors_ram_start__ + SIZEOF (.vectors_ram))
                0x0000000000000000                __vectors_ram_size__ = SIZEOF (.vectors_ram)
                0x0000000020002a98                __vectors_ram_load_end__ = __vectors_ram_end__
                0x0000000000000001                . = ASSERT (((__vectors_ram_start__ == __vectors_ram_end__) || ((__vectors_ram_end__ - __RAM_segment_start__) <= __RAM_segment_size__)), error: .vectors_ram is too large to fit in RAM memory segment)
                0x0000000000000001                . = ASSERT ((__reserved_ram_end__ <= __vectors_ram_start__), error: section .reserved_ram overlaps absolute placed section .vectors_ram)
                0x0000000020002a98                __nrf_sections_run_load_start__ = ALIGN (__vectors_ram_end__, 0x4)

.nrf_sections_run
                0x0000000020002a98        0x0
                0x0000000020002a98                __nrf_sections_run_start__ = .
                0x0000000020002a98                __start_nrf_sections_run = __nrf_sections_run_start__
 *(.nrf_sections_run .nrf_sections_run.*)
                0x0000000020002a98                __nrf_sections_run_end__ = (__nrf_sections_run_start__ + SIZEOF (.nrf_sections_run))
                0x0000000000000000                __nrf_sections_run_size__ = SIZEOF (.nrf_sections_run)
                0x0000000020002a98                __nrf_sections_run_load_end__ = __nrf_sections_run_end__
                0x0000000000000001                . = ASSERT (((__nrf_sections_run_start__ == __nrf_sections_run_end__) || ((__nrf_sections_run_end__ - __RAM_segment_start__) <= __RAM_segment_size__)), error: .nrf_sections_run is too large to fit in RAM memory segment)
                0x0000000000000000                __reserved_flash_load_start__ = 0x0

.reserved_flash
                0x0000000000000000    0x26000
                0x0000000000000000                __reserved_flash_start__ = .
 *(.reserved_flash .reserved_flash.*)
                0x0000000000026000                . = MAX (((__reserved_flash_start__ + 0x26000) - 0x0), .)
 *fill*         0x0000000000000000    0x26000 
                0x0000000000026000                __reserved_flash_end__ = (__reserved_flash_start__ + SIZEOF (.reserved_flash))
                0x0000000000026000                __reserved_flash_size__ = SIZEOF (.reserved_flash)
                0x0000000000026000                __reserved_flash_load_end__ = __reserved_flash_end__
                0x0000000000000001                . = ASSERT (((__reserved_flash_start__ == __reserved_flash_end__) || ((__reserved_flash_end__ - __FLASH_segment_start__) <= __FLASH_segment_size__)), error: .reserved_flash is too large to fit in FLASH memory segment)
                0x0000000000026000                __vectors_load_start__ = 0x26000

.vectors        0x0000000000026000      0x200
                0x0000000000026000                __vectors_start__ = .
 *(.vectors .vectors.*)
 .vectors       0x0000000000026000      0x200 Output/Release/Obj/ble_app_uart_pca10056_s140/ses_startup_nrf52840.o
                0x0000000000026000                _vectors
                0x0000000000026200                __vectors_end__ = (__vectors_start__ + SIZEOF (.vectors))
                0x0000000000000200                __vectors_size__ = SIZEOF (.vectors)
                0x0000000000026200                __vectors_load_end__ = __vectors_end__
                0x0000000000000001                . = ASSERT (((__vectors_start__ == __vectors_end__) || ((__vectors_end__ - __FLASH_segment_start__) <= __FLASH_segment_size__)), error: .vectors is too large to fit in FLASH memory segment)
                0x0000000000000001                . = ASSERT ((__reserved_flash_end__ <= __vectors_start__), error: section .reserved_flash overlaps absolute placed section .vectors)
                0x0000000000026200                __init_load_start__ = ALIGN (__vectors_end__, 0x4)

.init           0x0000000000026200      0x1d4
                0x0000000000026200                __init_start__ = .
 *(.init .init.*)
 .init          0x0000000000026200      0x15c Output/Release/Obj/ble_app_uart_pca10056_s140/thumb_crt0.o
                0x0000000000026200                _start
                0x00000000000262b4                exit
 .init          0x000000000002635c       0x18 Output/Release/Obj/ble_app_uart_pca10056_s140/ses_startup_nrf52840.o
                0x000000000002635c                NMI_Handler
                0x000000000002635e                HardFault_Handler
                0x0000000000026360                MemoryManagement_Handler
                0x0000000000026362                BusFault_Handler
                0x0000000000026364                UsageFault_Handler
                0x0000000000026366                SVC_Handler
                0x0000000000026368                DebugMon_Handler
                0x000000000002636a                PendSV_Handler
                0x000000000002636c                SysTick_Handler
                0x000000000002636e                FPU_IRQHandler
                0x000000000002636e                USBD_IRQHandler
                0x000000000002636e                SPIM0_SPIS0_TWIM0_TWIS0_SPI0_TWI0_IRQHandler
                0x000000000002636e                TIMER4_IRQHandler
                0x000000000002636e                CRYPTOCELL_IRQHandler
                0x000000000002636e                I2S_IRQHandler
                0x000000000002636e                SWI4_EGU4_IRQHandler
                0x000000000002636e                TIMER0_IRQHandler
                0x000000000002636e                UARTE1_IRQHandler
                0x000000000002636e                Dummy_Handler
                0x000000000002636e                TIMER1_IRQHandler
                0x000000000002636e                SPIM3_IRQHandler
                0x000000000002636e                PWM2_IRQHandler
                0x000000000002636e                ECB_IRQHandler
                0x000000000002636e                SPIM1_SPIS1_TWIM1_TWIS1_SPI1_TWI1_IRQHandler
                0x000000000002636e                SAADC_IRQHandler
                0x000000000002636e                CCM_AAR_IRQHandler
                0x000000000002636e                WDT_IRQHandler
                0x000000000002636e                SWI5_EGU5_IRQHandler
                0x000000000002636e                RNG_IRQHandler
                0x000000000002636e                RTC2_IRQHandler
                0x000000000002636e                PWM0_IRQHandler
                0x000000000002636e                SWI3_EGU3_IRQHandler
                0x000000000002636e                SWI1_EGU1_IRQHandler
                0x000000000002636e                SPIM2_SPIS2_SPI2_IRQHandler
                0x000000000002636e                NFCT_IRQHandler
                0x000000000002636e                MWU_IRQHandler
                0x000000000002636e                COMP_LPCOMP_IRQHandler
                0x000000000002636e                RTC0_IRQHandler
                0x000000000002636e                PWM1_IRQHandler
                0x000000000002636e                RADIO_IRQHandler
                0x000000000002636e                PDM_IRQHandler
                0x000000000002636e                TEMP_IRQHandler
                0x000000000002636e                QDEC_IRQHandler
                0x000000000002636e                TIMER3_IRQHandler
                0x000000000002636e                PWM3_IRQHandler
                0x000000000002636e                TIMER2_IRQHandler
                0x000000000002636e                QSPI_IRQHandler
                0x0000000000026370                nRFInitialize
 .init          0x0000000000026374       0x60 Output/Release/Obj/ble_app_uart_pca10056_s140/ses_startup_nrf_common.o
                0x0000000000026374                Reset_Handler
                0x000000000002639c                InitializeUserMemorySections
                0x00000000000263d4                __init_end__ = (__init_start__ + SIZEOF (.init))
                0x00000000000001d4                __init_size__ = SIZEOF (.init)
                0x00000000000263d4                __init_load_end__ = __init_end__
                0x0000000000000001                . = ASSERT (((__init_start__ == __init_end__) || ((__init_end__ - __FLASH_segment_start__) <= __FLASH_segment_size__)), error: .init is too large to fit in FLASH memory segment)
                0x00000000000263d4                __init_rodata_load_start__ = ALIGN (__init_end__, 0x4)

.init_rodata    0x00000000000263d4        0x0
                0x00000000000263d4                __init_rodata_start__ = .
 *(.init_rodata .init_rodata.*)
                0x00000000000263d4                __init_rodata_end__ = (__init_rodata_start__ + SIZEOF (.init_rodata))
                0x0000000000000000                __init_rodata_size__ = SIZEOF (.init_rodata)
                0x00000000000263d4                __init_rodata_load_end__ = __init_rodata_end__
                0x0000000000000001                . = ASSERT (((__init_rodata_start__ == __init_rodata_end__) || ((__init_rodata_end__ - __FLASH_segment_start__) <= __FLASH_segment_size__)), error: .init_rodata is too large to fit in FLASH memory segment)
                0x00000000000263d4                __text_load_start__ = ALIGN (__init_rodata_end__, 0x4)

.text           0x00000000000263d4     0x5794
                0x00000000000263d4                __text_start__ = .
 *(.text .text.* .glue_7t .glue_7 .gnu.linkonce.t.* .gcc_except_table .ARM.extab* .gnu.linkonce.armextab.*)
 .glue_7        0x00000000000263d4        0x0 linker stubs
 .glue_7t       0x00000000000263d4        0x0 linker stubs
 .text.nrf_log_backend_rtt_flush
                0x00000000000263d4        0x2 Output/Release/Obj/ble_app_uart_pca10056_s140/nrf_log_backend_rtt.o
 *fill*         0x00000000000263d6        0x2 
 .text.nrf_log_backend_rtt_put
                0x00000000000263d8       0x1c Output/Release/Obj/ble_app_uart_pca10056_s140/nrf_log_backend_rtt.o
 .text.serial_tx
                0x00000000000263f4       0x50 Output/Release/Obj/ble_app_uart_pca10056_s140/nrf_log_backend_rtt.o
 .text.nrf_log_backend_rtt_panic_set
                0x0000000000026444        0x2 Output/Release/Obj/ble_app_uart_pca10056_s140/nrf_log_backend_rtt.o
 .text.nrf_log_backend_rtt_init
                0x0000000000026446        0x4 Output/Release/Obj/ble_app_uart_pca10056_s140/nrf_log_backend_rtt.o
                0x0000000000026446                nrf_log_backend_rtt_init
 .text.nrf_log_backend_serial_put
                0x000000000002644a       0xc2 Output/Release/Obj/ble_app_uart_pca10056_s140/nrf_log_backend_serial.o
                0x000000000002644a                nrf_log_backend_serial_put
 .text.nrf_log_default_backends_init
                0x000000000002650c       0x20 Output/Release/Obj/ble_app_uart_pca10056_s140/nrf_log_default_backends.o
                0x000000000002650c                nrf_log_default_backends_init
 .text.invalid_packets_omit
                0x000000000002652c       0x3a Output/Release/Obj/ble_app_uart_pca10056_s140/nrf_log_frontend.o
 *fill*         0x0000000000026566        0x2 
 .text.buf_prealloc
                0x0000000000026568      0x13c Output/Release/Obj/ble_app_uart_pca10056_s140/nrf_log_frontend.o
 .text.nrf_log_init
                0x00000000000266a4       0x3c Output/Release/Obj/ble_app_uart_pca10056_s140/nrf_log_frontend.o
                0x00000000000266a4                nrf_log_init
 .text.nrf_log_module_name_get
                0x00000000000266e0       0x38 Output/Release/Obj/ble_app_uart_pca10056_s140/nrf_log_frontend.o
                0x00000000000266e0                nrf_log_module_name_get
 .text.nrf_log_color_id_get
                0x0000000000026718       0x2c Output/Release/Obj/ble_app_uart_pca10056_s140/nrf_log_frontend.o
                0x0000000000026718                nrf_log_color_id_get
 .text.buffer_is_empty
                0x0000000000026744       0x14 Output/Release/Obj/ble_app_uart_pca10056_s140/nrf_log_frontend.o
                0x0000000000026744                buffer_is_empty
 .text.nrf_log_frontend_dequeue
                0x0000000000026758      0x22c Output/Release/Obj/ble_app_uart_pca10056_s140/nrf_log_frontend.o
                0x0000000000026758                nrf_log_frontend_dequeue
 .text.std_n    0x0000000000026984       0x98 Output/Release/Obj/ble_app_uart_pca10056_s140/nrf_log_frontend.o
 .text.nrf_log_frontend_std_0
                0x0000000000026a1c        0x8 Output/Release/Obj/ble_app_uart_pca10056_s140/nrf_log_frontend.o
                0x0000000000026a1c                nrf_log_frontend_std_0
 .text.nrf_log_frontend_std_1
                0x0000000000026a24       0x12 Output/Release/Obj/ble_app_uart_pca10056_s140/nrf_log_frontend.o
                0x0000000000026a24                nrf_log_frontend_std_1
 .text.nrf_log_frontend_std_2
                0x0000000000026a36       0x14 Output/Release/Obj/ble_app_uart_pca10056_s140/nrf_log_frontend.o
                0x0000000000026a36                nrf_log_frontend_std_2
 *fill*         0x0000000000026a4a        0x2 
 .text.nrf_log_backend_add
                0x0000000000026a4c       0x44 Output/Release/Obj/ble_app_uart_pca10056_s140/nrf_log_frontend.o
                0x0000000000026a4c                nrf_log_backend_add
 .text.nrf_log_panic
                0x0000000000026a90       0x28 Output/Release/Obj/ble_app_uart_pca10056_s140/nrf_log_frontend.o
                0x0000000000026a90                nrf_log_panic
 .text.prefix_process
                0x0000000000026ab8       0x7c Output/Release/Obj/ble_app_uart_pca10056_s140/nrf_log_str_formatter.o
 .text.postfix_process
                0x0000000000026b34       0x44 Output/Release/Obj/ble_app_uart_pca10056_s140/nrf_log_str_formatter.o
 .text.nrf_log_std_entry_process
                0x0000000000026b78       0xc8 Output/Release/Obj/ble_app_uart_pca10056_s140/nrf_log_str_formatter.o
                0x0000000000026b78                nrf_log_std_entry_process
 .text.nrf_log_hexdump_entry_process
                0x0000000000026c40       0xb4 Output/Release/Obj/ble_app_uart_pca10056_s140/nrf_log_str_formatter.o
                0x0000000000026c40                nrf_log_hexdump_entry_process
 .text.detection_delay_timeout_handler
                0x0000000000026cf4       0xd4 Output/Release/Obj/ble_app_uart_pca10056_s140/app_button.o
 .text.gpiote_event_handler
                0x0000000000026dc8       0x90 Output/Release/Obj/ble_app_uart_pca10056_s140/app_button.o
 .text.app_button_init
                0x0000000000026e58       0xac Output/Release/Obj/ble_app_uart_pca10056_s140/app_button.o
                0x0000000000026e58                app_button_init
 .text.app_button_enable
                0x0000000000026f04       0x2c Output/Release/Obj/ble_app_uart_pca10056_s140/app_button.o
                0x0000000000026f04                app_button_enable
 .text.app_error_handler_bare
                0x0000000000026f30       0x1a Output/Release/Obj/ble_app_uart_pca10056_s140/app_error.o
                0x0000000000026f30                app_error_handler_bare
 *fill*         0x0000000000026f4a        0x2 
 .text.app_error_fault_handler
                0x0000000000026f4c       0x6c Output/Release/Obj/ble_app_uart_pca10056_s140/app_error_weak.o
                0x0000000000026f4c                app_error_fault_handler
 .text.app_fifo_init
                0x0000000000026fb8       0x1e Output/Release/Obj/ble_app_uart_pca10056_s140/app_fifo.o
                0x0000000000026fb8                app_fifo_init
 .text.app_fifo_put
                0x0000000000026fd6       0x24 Output/Release/Obj/ble_app_uart_pca10056_s140/app_fifo.o
                0x0000000000026fd6                app_fifo_put
 .text.app_fifo_get
                0x0000000000026ffa       0x22 Output/Release/Obj/ble_app_uart_pca10056_s140/app_fifo.o
                0x0000000000026ffa                app_fifo_get
 .text.user_op_alloc
                0x000000000002701c       0x2c Output/Release/Obj/ble_app_uart_pca10056_s140/app_timer.o
 .text.timer_stop_op_schedule
                0x0000000000027048       0x50 Output/Release/Obj/ble_app_uart_pca10056_s140/app_timer.o
 .text.nrfx_coredep_delay_us.part.0.constprop.0
                0x0000000000027098       0x10 Output/Release/Obj/ble_app_uart_pca10056_s140/app_timer.o
 .text.rtc1_stop
                0x00000000000270a8       0x44 Output/Release/Obj/ble_app_uart_pca10056_s140/app_timer.o
 .text.RTC1_IRQHandler
                0x00000000000270ec       0x9c Output/Release/Obj/ble_app_uart_pca10056_s140/app_timer.o
                0x00000000000270ec                RTC1_IRQHandler
 .text.SWI0_EGU0_IRQHandler
                0x0000000000027188      0x2b8 Output/Release/Obj/ble_app_uart_pca10056_s140/app_timer.o
                0x0000000000027188                SWI0_EGU0_IRQHandler
 .text.app_timer_init
                0x0000000000027440       0x60 Output/Release/Obj/ble_app_uart_pca10056_s140/app_timer.o
                0x0000000000027440                app_timer_init
 .text.app_timer_create
                0x00000000000274a0       0x24 Output/Release/Obj/ble_app_uart_pca10056_s140/app_timer.o
                0x00000000000274a0                app_timer_create
 .text.app_timer_start
                0x00000000000274c4       0x90 Output/Release/Obj/ble_app_uart_pca10056_s140/app_timer.o
                0x00000000000274c4                app_timer_start
 .text.app_timer_stop
                0x0000000000027554       0x20 Output/Release/Obj/ble_app_uart_pca10056_s140/app_timer.o
                0x0000000000027554                app_timer_stop
 .text.nrf_drv_uart_rx.constprop.0
                0x0000000000027574       0x28 Output/Release/Obj/ble_app_uart_pca10056_s140/app_uart_fifo.o
 .text.nrf_drv_uart_tx.constprop.0
                0x000000000002759c       0x28 Output/Release/Obj/ble_app_uart_pca10056_s140/app_uart_fifo.o
 .text.uart_event_handler
                0x00000000000275c4       0x9c Output/Release/Obj/ble_app_uart_pca10056_s140/app_uart_fifo.o
 .text.app_uart_init
                0x0000000000027660       0xb0 Output/Release/Obj/ble_app_uart_pca10056_s140/app_uart_fifo.o
                0x0000000000027660                app_uart_init
 .text.app_uart_get
                0x0000000000027710       0x2c Output/Release/Obj/ble_app_uart_pca10056_s140/app_uart_fifo.o
                0x0000000000027710                app_uart_get
 .text.app_uart_put
                0x000000000002773c       0x50 Output/Release/Obj/ble_app_uart_pca10056_s140/app_uart_fifo.o
                0x000000000002773c                app_uart_put
 .text.app_util_critical_region_enter
                0x000000000002778c       0x48 Output/Release/Obj/ble_app_uart_pca10056_s140/app_util_platform.o
                0x000000000002778c                app_util_critical_region_enter
 .text.app_util_critical_region_exit
                0x00000000000277d4       0x2c Output/Release/Obj/ble_app_uart_pca10056_s140/app_util_platform.o
                0x00000000000277d4                app_util_critical_region_exit
 .text.nrf_atflags_set
                0x0000000000027800       0x12 Output/Release/Obj/ble_app_uart_pca10056_s140/nrf_atflags.o
                0x0000000000027800                nrf_atflags_set
 .text.nrf_atflags_clear
                0x0000000000027812       0x14 Output/Release/Obj/ble_app_uart_pca10056_s140/nrf_atflags.o
                0x0000000000027812                nrf_atflags_clear
 .text.nrf_atflags_get
                0x0000000000027826       0x12 Output/Release/Obj/ble_app_uart_pca10056_s140/nrf_atflags.o
                0x0000000000027826                nrf_atflags_get
 .text.nrf_atomic_u32_fetch_store
                0x0000000000027838       0x16 Output/Release/Obj/ble_app_uart_pca10056_s140/nrf_atomic.o
                0x0000000000027838                nrf_atomic_u32_fetch_store
 .text.nrf_atomic_u32_or
                0x000000000002784e       0x18 Output/Release/Obj/ble_app_uart_pca10056_s140/nrf_atomic.o
                0x000000000002784e                nrf_atomic_u32_or
 .text.nrf_atomic_u32_fetch_and
                0x0000000000027866       0x18 Output/Release/Obj/ble_app_uart_pca10056_s140/nrf_atomic.o
                0x0000000000027866                nrf_atomic_u32_fetch_and
 .text.nrf_atomic_u32_and
                0x000000000002787e       0x18 Output/Release/Obj/ble_app_uart_pca10056_s140/nrf_atomic.o
                0x000000000002787e                nrf_atomic_u32_and
 .text.nrf_atomic_u32_add
                0x0000000000027896       0x18 Output/Release/Obj/ble_app_uart_pca10056_s140/nrf_atomic.o
                0x0000000000027896                nrf_atomic_u32_add
 .text.nrf_atomic_u32_sub
                0x00000000000278ae       0x18 Output/Release/Obj/ble_app_uart_pca10056_s140/nrf_atomic.o
                0x00000000000278ae                nrf_atomic_u32_sub
 .text.nrf_atomic_flag_set
                0x00000000000278c6        0x6 Output/Release/Obj/ble_app_uart_pca10056_s140/nrf_atomic.o
                0x00000000000278c6                nrf_atomic_flag_set
 .text.nrf_atomic_flag_clear_fetch
                0x00000000000278cc        0x6 Output/Release/Obj/ble_app_uart_pca10056_s140/nrf_atomic.o
                0x00000000000278cc                nrf_atomic_flag_clear_fetch
 .text.nrf_balloc_init
                0x00000000000278d2       0x2e Output/Release/Obj/ble_app_uart_pca10056_s140/nrf_balloc.o
                0x00000000000278d2                nrf_balloc_init
 .text.nrf_balloc_alloc
                0x0000000000027900       0x48 Output/Release/Obj/ble_app_uart_pca10056_s140/nrf_balloc.o
                0x0000000000027900                nrf_balloc_alloc
 .text.nrf_balloc_free
                0x0000000000027948       0x34 Output/Release/Obj/ble_app_uart_pca10056_s140/nrf_balloc.o
                0x0000000000027948                nrf_balloc_free
 .text.nrf_fprintf_buffer_flush
                0x000000000002797c       0x16 Output/Release/Obj/ble_app_uart_pca10056_s140/nrf_fprintf.o
                0x000000000002797c                nrf_fprintf_buffer_flush
 .text.nrf_fprintf
                0x0000000000027992       0x1c Output/Release/Obj/ble_app_uart_pca10056_s140/nrf_fprintf.o
                0x0000000000027992                nrf_fprintf
 .text.buffer_add
                0x00000000000279ae       0x1e Output/Release/Obj/ble_app_uart_pca10056_s140/nrf_fprintf_format.o
 .text.unsigned_print
                0x00000000000279cc       0xb4 Output/Release/Obj/ble_app_uart_pca10056_s140/nrf_fprintf_format.o
 .text.nrf_fprintf_fmt
                0x0000000000027a80      0x294 Output/Release/Obj/ble_app_uart_pca10056_s140/nrf_fprintf_format.o
                0x0000000000027a80                nrf_fprintf_fmt
 .text.memobj_op
                0x0000000000027d14       0x86 Output/Release/Obj/ble_app_uart_pca10056_s140/nrf_memobj.o
 .text.nrf_memobj_pool_init
                0x0000000000027d9a        0x4 Output/Release/Obj/ble_app_uart_pca10056_s140/nrf_memobj.o
                0x0000000000027d9a                nrf_memobj_pool_init
 .text.nrf_memobj_free
                0x0000000000027d9e       0x2c Output/Release/Obj/ble_app_uart_pca10056_s140/nrf_memobj.o
                0x0000000000027d9e                nrf_memobj_free
 .text.nrf_memobj_alloc
                0x0000000000027dca       0x5e Output/Release/Obj/ble_app_uart_pca10056_s140/nrf_memobj.o
                0x0000000000027dca                nrf_memobj_alloc
 .text.nrf_memobj_get
                0x0000000000027e28        0x8 Output/Release/Obj/ble_app_uart_pca10056_s140/nrf_memobj.o
                0x0000000000027e28                nrf_memobj_get
 .text.nrf_memobj_put
                0x0000000000027e30       0x1c Output/Release/Obj/ble_app_uart_pca10056_s140/nrf_memobj.o
                0x0000000000027e30                nrf_memobj_put
 .text.nrf_memobj_write
                0x0000000000027e4c       0x14 Output/Release/Obj/ble_app_uart_pca10056_s140/nrf_memobj.o
                0x0000000000027e4c                nrf_memobj_write
 .text.nrf_memobj_read
                0x0000000000027e60       0x14 Output/Release/Obj/ble_app_uart_pca10056_s140/nrf_memobj.o
                0x0000000000027e60                nrf_memobj_read
 .text.sd_app_evt_wait
                0x0000000000027e74        0x4 Output/Release/Obj/ble_app_uart_pca10056_s140/nrf_pwr_mgmt.o
 .text.nrf_pwr_mgmt_init
                0x0000000000027e78       0x2c Output/Release/Obj/ble_app_uart_pca10056_s140/nrf_pwr_mgmt.o
                0x0000000000027e78                nrf_pwr_mgmt_init
 .text.nrf_pwr_mgmt_run
                0x0000000000027ea4       0x50 Output/Release/Obj/ble_app_uart_pca10056_s140/nrf_pwr_mgmt.o
                0x0000000000027ea4                nrf_pwr_mgmt_run
 .text.nrf_ringbuf_init
                0x0000000000027ef4       0x12 Output/Release/Obj/ble_app_uart_pca10056_s140/nrf_ringbuf.o
                0x0000000000027ef4                nrf_ringbuf_init
 .text.nrf_section_iter_init
                0x0000000000027f06       0x14 Output/Release/Obj/ble_app_uart_pca10056_s140/nrf_section_iter.o
                0x0000000000027f06                nrf_section_iter_init
 .text.nrf_section_iter_next
                0x0000000000027f1a       0x18 Output/Release/Obj/ble_app_uart_pca10056_s140/nrf_section_iter.o
                0x0000000000027f1a                nrf_section_iter_next
 *fill*         0x0000000000027f32        0x2 
 .text.nrf_strerror_find
                0x0000000000027f34       0x3c Output/Release/Obj/ble_app_uart_pca10056_s140/nrf_strerror.o
                0x0000000000027f34                nrf_strerror_find
 .text.nrf_strerror_get
                0x0000000000027f70       0x14 Output/Release/Obj/ble_app_uart_pca10056_s140/nrf_strerror.o
                0x0000000000027f70                nrf_strerror_get
 .text.__putchar
                0x0000000000027f84        0xe Output/Release/Obj/ble_app_uart_pca10056_s140/retarget.o
                0x0000000000027f84                __putchar
 .text.errata_98
                0x0000000000027f92       0x1a Output/Release/Obj/ble_app_uart_pca10056_s140/system_nrf52840.o
 .text.SystemInit
                0x0000000000027fac      0x1bc Output/Release/Obj/ble_app_uart_pca10056_s140/system_nrf52840.o
                0x0000000000027fac                SystemInit
 .text.bsp_board_led_state_get
                0x0000000000028168       0x28 Output/Release/Obj/ble_app_uart_pca10056_s140/boards.o
                0x0000000000028168                bsp_board_led_state_get
 .text.bsp_board_led_on
                0x0000000000028190       0x28 Output/Release/Obj/ble_app_uart_pca10056_s140/boards.o
                0x0000000000028190                bsp_board_led_on
 .text.bsp_board_led_off
                0x00000000000281b8       0x28 Output/Release/Obj/ble_app_uart_pca10056_s140/boards.o
                0x00000000000281b8                bsp_board_led_off
 .text.bsp_board_leds_off
                0x00000000000281e0       0x1e Output/Release/Obj/ble_app_uart_pca10056_s140/boards.o
                0x00000000000281e0                bsp_board_leds_off
 .text.bsp_board_leds_on
                0x00000000000281fe       0x1e Output/Release/Obj/ble_app_uart_pca10056_s140/boards.o
                0x00000000000281fe                bsp_board_leds_on
 .text.bsp_board_led_invert
                0x000000000002821c       0x34 Output/Release/Obj/ble_app_uart_pca10056_s140/boards.o
                0x000000000002821c                bsp_board_led_invert
 .text.bsp_board_button_state_get
                0x0000000000028250       0x28 Output/Release/Obj/ble_app_uart_pca10056_s140/boards.o
                0x0000000000028250                bsp_board_button_state_get
 .text.bsp_board_pin_to_button_idx
                0x0000000000028278       0x24 Output/Release/Obj/ble_app_uart_pca10056_s140/boards.o
                0x0000000000028278                bsp_board_pin_to_button_idx
 .text.bsp_board_button_idx_to_pin
                0x000000000002829c        0xc Output/Release/Obj/ble_app_uart_pca10056_s140/boards.o
                0x000000000002829c                bsp_board_button_idx_to_pin
 .text.bsp_board_init
                0x00000000000282a8       0x3e Output/Release/Obj/ble_app_uart_pca10056_s140/boards.o
                0x00000000000282a8                bsp_board_init
 *fill*         0x00000000000282e6        0x2 
 .text.clock_clk_started_notify
                0x00000000000282e8       0x24 Output/Release/Obj/ble_app_uart_pca10056_s140/nrf_drv_clock.o
 .text.clock_irq_handler
                0x000000000002830c       0x1c Output/Release/Obj/ble_app_uart_pca10056_s140/nrf_drv_clock.o
 .text.soc_evt_handler
                0x0000000000028328       0x14 Output/Release/Obj/ble_app_uart_pca10056_s140/nrf_drv_clock.o
 .text.nrf_drv_clock_init
                0x000000000002833c       0x38 Output/Release/Obj/ble_app_uart_pca10056_s140/nrf_drv_clock.o
                0x000000000002833c                nrf_drv_clock_init
 .text.nrf_drv_clock_lfclk_release
                0x0000000000028374       0x34 Output/Release/Obj/ble_app_uart_pca10056_s140/nrf_drv_clock.o
                0x0000000000028374                nrf_drv_clock_lfclk_release
 .text.sd_state_evt_handler
                0x00000000000283a8       0x5c Output/Release/Obj/ble_app_uart_pca10056_s140/nrf_drv_clock.o
 .text.uarte_evt_handler
                0x0000000000028404       0x34 Output/Release/Obj/ble_app_uart_pca10056_s140/nrf_drv_uart.o
 .text.uart_evt_handler
                0x0000000000028438       0x34 Output/Release/Obj/ble_app_uart_pca10056_s140/nrf_drv_uart.o
 .text.nrf_drv_uart_init
                0x000000000002846c       0x7c Output/Release/Obj/ble_app_uart_pca10056_s140/nrf_drv_uart.o
                0x000000000002846c                nrf_drv_uart_init
 .text.nrf_clock_event_clear
                0x00000000000284e8       0x14 Output/Release/Obj/ble_app_uart_pca10056_s140/nrfx_clock.o
 .text.nrfx_clock_init
                0x00000000000284fc       0x18 Output/Release/Obj/ble_app_uart_pca10056_s140/nrfx_clock.o
                0x00000000000284fc                nrfx_clock_init
 .text.nrfx_clock_enable
                0x0000000000028514       0x28 Output/Release/Obj/ble_app_uart_pca10056_s140/nrfx_clock.o
                0x0000000000028514                nrfx_clock_enable
 .text.nrfx_clock_lfclk_stop
                0x000000000002853c       0x12 Output/Release/Obj/ble_app_uart_pca10056_s140/nrfx_clock.o
                0x000000000002853c                nrfx_clock_lfclk_stop
 *fill*         0x000000000002854e        0x2 
 .text.POWER_CLOCK_IRQHandler
                0x0000000000028550       0x50 Output/Release/Obj/ble_app_uart_pca10056_s140/nrfx_clock.o
                0x0000000000028550                POWER_CLOCK_IRQHandler
 .text.nrf_gpiote_event_clear
                0x00000000000285a0       0x18 Output/Release/Obj/ble_app_uart_pca10056_s140/nrfx_gpiote.o
 .text.nrf_gpio_pin_port_decode
                0x00000000000285b8       0x18 Output/Release/Obj/ble_app_uart_pca10056_s140/nrfx_gpiote.o
 .text.nrf_gpio_cfg_sense_set
                0x00000000000285d0       0x2e Output/Release/Obj/ble_app_uart_pca10056_s140/nrfx_gpiote.o
 .text.nrf_bitmask_bit_set
                0x00000000000285fe       0x14 Output/Release/Obj/ble_app_uart_pca10056_s140/nrfx_gpiote.o
 *fill*         0x0000000000028612        0x2 
 .text.channel_free
                0x0000000000028614       0x1c Output/Release/Obj/ble_app_uart_pca10056_s140/nrfx_gpiote.o
 .text.nrfx_gpiote_init
                0x0000000000028630       0x68 Output/Release/Obj/ble_app_uart_pca10056_s140/nrfx_gpiote.o
                0x0000000000028630                nrfx_gpiote_init
 .text.nrfx_gpiote_is_init
                0x0000000000028698       0x14 Output/Release/Obj/ble_app_uart_pca10056_s140/nrfx_gpiote.o
                0x0000000000028698                nrfx_gpiote_is_init
 .text.nrfx_gpiote_in_init
                0x00000000000286ac      0x100 Output/Release/Obj/ble_app_uart_pca10056_s140/nrfx_gpiote.o
                0x00000000000286ac                nrfx_gpiote_in_init
 .text.nrfx_gpiote_in_event_enable
                0x00000000000287ac       0x9c Output/Release/Obj/ble_app_uart_pca10056_s140/nrfx_gpiote.o
                0x00000000000287ac                nrfx_gpiote_in_event_enable
 .text.nrfx_gpiote_in_is_set
                0x0000000000028848       0x1c Output/Release/Obj/ble_app_uart_pca10056_s140/nrfx_gpiote.o
                0x0000000000028848                nrfx_gpiote_in_is_set
 .text.GPIOTE_IRQHandler
                0x0000000000028864      0x1b4 Output/Release/Obj/ble_app_uart_pca10056_s140/nrfx_gpiote.o
                0x0000000000028864                GPIOTE_IRQHandler
 .text.UARTE0_UART0_IRQHandler
                0x0000000000028a18        0xc Output/Release/Obj/ble_app_uart_pca10056_s140/nrfx_prs.o
                0x0000000000028a18                UARTE0_UART0_IRQHandler
 .text.nrfx_prs_acquire
                0x0000000000028a24       0x44 Output/Release/Obj/ble_app_uart_pca10056_s140/nrfx_prs.o
                0x0000000000028a24                nrfx_prs_acquire
 .text.nrf_uart_event_clear
                0x0000000000028a68       0x10 Output/Release/Obj/ble_app_uart_pca10056_s140/nrfx_uart.o
 .text.tx_byte  0x0000000000028a78       0x1e Output/Release/Obj/ble_app_uart_pca10056_s140/nrfx_uart.o
 .text.rx_enable
                0x0000000000028a96       0x20 Output/Release/Obj/ble_app_uart_pca10056_s140/nrfx_uart.o
 .text.rx_byte  0x0000000000028ab6       0x2c Output/Release/Obj/ble_app_uart_pca10056_s140/nrfx_uart.o
 *fill*         0x0000000000028ae2        0x2 
 .text.rx_done_event.constprop.0
                0x0000000000028ae4       0x20 Output/Release/Obj/ble_app_uart_pca10056_s140/nrfx_uart.o
 .text.nrfx_uart_0_irq_handler
                0x0000000000028b04      0x140 Output/Release/Obj/ble_app_uart_pca10056_s140/nrfx_uart.o
                0x0000000000028b04                nrfx_uart_0_irq_handler
 .text.nrfx_uart_init
                0x0000000000028c44      0x1b4 Output/Release/Obj/ble_app_uart_pca10056_s140/nrfx_uart.o
                0x0000000000028c44                nrfx_uart_init
 .text.nrfx_uart_tx_in_progress
                0x0000000000028df8       0x18 Output/Release/Obj/ble_app_uart_pca10056_s140/nrfx_uart.o
                0x0000000000028df8                nrfx_uart_tx_in_progress
 .text.nrfx_uart_tx
                0x0000000000028e10       0x9c Output/Release/Obj/ble_app_uart_pca10056_s140/nrfx_uart.o
                0x0000000000028e10                nrfx_uart_tx
 .text.nrfx_uart_rx
                0x0000000000028eac       0xf4 Output/Release/Obj/ble_app_uart_pca10056_s140/nrfx_uart.o
                0x0000000000028eac                nrfx_uart_rx
 .text.nrf_uarte_event_clear
                0x0000000000028fa0       0x10 Output/Release/Obj/ble_app_uart_pca10056_s140/nrfx_uarte.o
 .text.rx_done_event.constprop.0
                0x0000000000028fb0       0x24 Output/Release/Obj/ble_app_uart_pca10056_s140/nrfx_uarte.o
 .text.nrfx_uarte_0_irq_handler
                0x0000000000028fd4       0xe8 Output/Release/Obj/ble_app_uart_pca10056_s140/nrfx_uarte.o
                0x0000000000028fd4                nrfx_uarte_0_irq_handler
 .text.nrfx_uarte_init
                0x00000000000290bc      0x1c4 Output/Release/Obj/ble_app_uart_pca10056_s140/nrfx_uarte.o
                0x00000000000290bc                nrfx_uarte_init
 .text.nrfx_uarte_tx_in_progress
                0x0000000000029280       0x18 Output/Release/Obj/ble_app_uart_pca10056_s140/nrfx_uarte.o
                0x0000000000029280                nrfx_uarte_tx_in_progress
 .text.nrfx_uarte_tx
                0x0000000000029298       0x90 Output/Release/Obj/ble_app_uart_pca10056_s140/nrfx_uarte.o
                0x0000000000029298                nrfx_uarte_tx
 .text.nrfx_uarte_rx
                0x0000000000029328       0xd8 Output/Release/Obj/ble_app_uart_pca10056_s140/nrfx_uarte.o
                0x0000000000029328                nrfx_uarte_rx
 .text.nrf_gpio_cfg_sense_set
                0x0000000000029400       0x30 Output/Release/Obj/ble_app_uart_pca10056_s140/bsp.o
 .text.alert_timer_handler
                0x0000000000029430        0x6 Output/Release/Obj/ble_app_uart_pca10056_s140/bsp.o
 *fill*         0x0000000000029436        0x2 
 .text.bsp_button_event_handler
                0x0000000000029438       0x9c Output/Release/Obj/ble_app_uart_pca10056_s140/bsp.o
 .text.button_timer_handler
                0x00000000000294d4        0x8 Output/Release/Obj/ble_app_uart_pca10056_s140/bsp.o
 .text.leds_off
                0x00000000000294dc       0x2c Output/Release/Obj/ble_app_uart_pca10056_s140/bsp.o
 .text.bsp_led_indication
                0x0000000000029508      0x200 Output/Release/Obj/ble_app_uart_pca10056_s140/bsp.o
 .text.leds_timer_handler
                0x0000000000029708       0x1c Output/Release/Obj/ble_app_uart_pca10056_s140/bsp.o
 .text.bsp_button_is_pressed
                0x0000000000029724        0xc Output/Release/Obj/ble_app_uart_pca10056_s140/bsp.o
                0x0000000000029724                bsp_button_is_pressed
 .text.bsp_indication_set
                0x0000000000029730       0x18 Output/Release/Obj/ble_app_uart_pca10056_s140/bsp.o
                0x0000000000029730                bsp_indication_set
 .text.bsp_init
                0x0000000000029748       0x9c Output/Release/Obj/ble_app_uart_pca10056_s140/bsp.o
                0x0000000000029748                bsp_init
 .text.bsp_event_to_button_action_assign
                0x00000000000297e4       0x4c Output/Release/Obj/ble_app_uart_pca10056_s140/bsp.o
                0x00000000000297e4                bsp_event_to_button_action_assign
 .text.bsp_wakeup_button_enable
                0x0000000000029830       0x18 Output/Release/Obj/ble_app_uart_pca10056_s140/bsp.o
                0x0000000000029830                bsp_wakeup_button_enable
 .text.advertising_buttons_configure
                0x0000000000029848       0x36 Output/Release/Obj/ble_app_uart_pca10056_s140/bsp_btn_ble.o
 *fill*         0x000000000002987e        0x2 
 .text.ble_evt_handler
                0x0000000000029880       0x80 Output/Release/Obj/ble_app_uart_pca10056_s140/bsp_btn_ble.o
 .text.bsp_btn_ble_sleep_mode_prepare
                0x0000000000029900       0x1e Output/Release/Obj/ble_app_uart_pca10056_s140/bsp_btn_ble.o
                0x0000000000029900                bsp_btn_ble_sleep_mode_prepare
 *fill*         0x000000000002991e        0x2 
 .text.bsp_btn_ble_init
                0x0000000000029920       0x40 Output/Release/Obj/ble_app_uart_pca10056_s140/bsp_btn_ble.o
                0x0000000000029920                bsp_btn_ble_init
 .text.sd_ble_gap_disconnect
                0x0000000000029960        0x4 Output/Release/Obj/ble_app_uart_pca10056_s140/main.o
 .text.sd_ble_gap_ppcp_set
                0x0000000000029964        0x4 Output/Release/Obj/ble_app_uart_pca10056_s140/main.o
 .text.sd_ble_gap_device_name_set
                0x0000000000029968        0x4 Output/Release/Obj/ble_app_uart_pca10056_s140/main.o
 .text.sd_ble_gap_sec_params_reply
                0x000000000002996c        0x4 Output/Release/Obj/ble_app_uart_pca10056_s140/main.o
 .text.sd_ble_gap_phy_update
                0x0000000000029970        0x4 Output/Release/Obj/ble_app_uart_pca10056_s140/main.o
 .text.sd_ble_gatts_sys_attr_set
                0x0000000000029974        0x4 Output/Release/Obj/ble_app_uart_pca10056_s140/main.o
 .text.sd_power_system_off
                0x0000000000029978        0x4 Output/Release/Obj/ble_app_uart_pca10056_s140/main.o
 .text.nrf_qwr_error_handler
                0x000000000002997c        0x4 Output/Release/Obj/ble_app_uart_pca10056_s140/main.o
 .text.sleep_mode_enter
                0x0000000000029980       0x28 Output/Release/Obj/ble_app_uart_pca10056_s140/main.o
 .text.ble_evt_handler
                0x00000000000299a8       0xe0 Output/Release/Obj/ble_app_uart_pca10056_s140/main.o
 .text.on_conn_params_evt
                0x0000000000029a88       0x20 Output/Release/Obj/ble_app_uart_pca10056_s140/main.o
 .text.bsp_event_handler
                0x0000000000029aa8       0x4c Output/Release/Obj/ble_app_uart_pca10056_s140/main.o
                0x0000000000029aa8                bsp_event_handler
 .text.on_adv_evt
                0x0000000000029af4       0x22 Output/Release/Obj/ble_app_uart_pca10056_s140/main.o
 *fill*         0x0000000000029b16        0x2 
 .text.uart_event_handle
                0x0000000000029b18       0x90 Output/Release/Obj/ble_app_uart_pca10056_s140/main.o
                0x0000000000029b18                uart_event_handle
 .text.nus_data_handler
                0x0000000000029ba8       0x6c Output/Release/Obj/ble_app_uart_pca10056_s140/main.o
 .text.gatt_evt_handler
                0x0000000000029c14       0x4c Output/Release/Obj/ble_app_uart_pca10056_s140/main.o
                0x0000000000029c14                gatt_evt_handler
 .text.conn_params_error_handler
                0x0000000000029c60        0x4 Output/Release/Obj/ble_app_uart_pca10056_s140/main.o
 .text.gatt_init
                0x0000000000029c64       0x2c Output/Release/Obj/ble_app_uart_pca10056_s140/main.o
                0x0000000000029c64                gatt_init
 .text.startup.main
                0x0000000000029c90      0x200 Output/Release/Obj/ble_app_uart_pca10056_s140/main.o
                0x0000000000029c90                main
 .text._GetAvailWriteSpace
                0x0000000000029e90       0x12 Output/Release/Obj/ble_app_uart_pca10056_s140/SEGGER_RTT.o
 .text._WriteNoCheck
                0x0000000000029ea2       0x38 Output/Release/Obj/ble_app_uart_pca10056_s140/SEGGER_RTT.o
 .text._WriteBlocking
                0x0000000000029eda       0x52 Output/Release/Obj/ble_app_uart_pca10056_s140/SEGGER_RTT.o
 .text._DoInit  0x0000000000029f2c       0x60 Output/Release/Obj/ble_app_uart_pca10056_s140/SEGGER_RTT.o
 .text.SEGGER_RTT_WriteNoLock
                0x0000000000029f8c       0x60 Output/Release/Obj/ble_app_uart_pca10056_s140/SEGGER_RTT.o
                0x0000000000029f8c                SEGGER_RTT_WriteNoLock
 .text.SEGGER_RTT_Init
                0x0000000000029fec        0x4 Output/Release/Obj/ble_app_uart_pca10056_s140/SEGGER_RTT.o
                0x0000000000029fec                SEGGER_RTT_Init
 .text.sd_ble_gap_addr_get
                0x0000000000029ff0        0x4 Output/Release/Obj/ble_app_uart_pca10056_s140/ble_advdata.o
 .text.sd_ble_gap_appearance_get
                0x0000000000029ff4        0x4 Output/Release/Obj/ble_app_uart_pca10056_s140/ble_advdata.o
 .text.sd_ble_gap_device_name_get
                0x0000000000029ff8        0x4 Output/Release/Obj/ble_app_uart_pca10056_s140/ble_advdata.o
 .text.sd_ble_uuid_encode
                0x0000000000029ffc        0x4 Output/Release/Obj/ble_app_uart_pca10056_s140/ble_advdata.o
 .text.uuid_list_sized_encode
                0x000000000002a000       0xac Output/Release/Obj/ble_app_uart_pca10056_s140/ble_advdata.o
 .text.uuid_list_encode
                0x000000000002a0ac       0x38 Output/Release/Obj/ble_app_uart_pca10056_s140/ble_advdata.o
 .text.ble_advdata_encode
                0x000000000002a0e4      0x394 Output/Release/Obj/ble_app_uart_pca10056_s140/ble_advdata.o
                0x000000000002a0e4                ble_advdata_encode
 .text.ble_advdata_search
                0x000000000002a478       0x38 Output/Release/Obj/ble_app_uart_pca10056_s140/ble_advdata.o
                0x000000000002a478                ble_advdata_search
 .text.ble_advdata_parse
                0x000000000002a4b0       0x20 Output/Release/Obj/ble_app_uart_pca10056_s140/ble_advdata.o
                0x000000000002a4b0                ble_advdata_parse
 .text.sd_ble_gap_adv_set_configure
                0x000000000002a4d0        0x4 Output/Release/Obj/ble_app_uart_pca10056_s140/ble_advertising.o
 .text.sd_ble_gap_adv_start
                0x000000000002a4d4        0x4 Output/Release/Obj/ble_app_uart_pca10056_s140/ble_advertising.o
 .text.sd_ble_gap_adv_stop
                0x000000000002a4d8        0x4 Output/Release/Obj/ble_app_uart_pca10056_s140/ble_advertising.o
 .text.flags_set
                0x000000000002a4dc       0x2c Output/Release/Obj/ble_app_uart_pca10056_s140/ble_advertising.o
 .text.ble_advertising_conn_cfg_tag_set
                0x000000000002a508        0x6 Output/Release/Obj/ble_app_uart_pca10056_s140/ble_advertising.o
                0x000000000002a508                ble_advertising_conn_cfg_tag_set
 .text.ble_advertising_init
                0x000000000002a50e       0xea Output/Release/Obj/ble_app_uart_pca10056_s140/ble_advertising.o
                0x000000000002a50e                ble_advertising_init
 .text.ble_advertising_start
                0x000000000002a5f8      0x21c Output/Release/Obj/ble_app_uart_pca10056_s140/ble_advertising.o
                0x000000000002a5f8                ble_advertising_start
 .text.ble_advertising_on_ble_evt
                0x000000000002a814       0x6a Output/Release/Obj/ble_app_uart_pca10056_s140/ble_advertising.o
                0x000000000002a814                ble_advertising_on_ble_evt
 .text.ble_advertising_on_sys_evt
                0x000000000002a87e        0x2 Output/Release/Obj/ble_app_uart_pca10056_s140/ble_advertising.o
                0x000000000002a87e                ble_advertising_on_sys_evt
 .text.ble_advertising_restart_without_whitelist
                0x000000000002a880       0x3c Output/Release/Obj/ble_app_uart_pca10056_s140/ble_advertising.o
                0x000000000002a880                ble_advertising_restart_without_whitelist
 .text.sd_ble_gap_conn_param_update
                0x000000000002a8bc        0x4 Output/Release/Obj/ble_app_uart_pca10056_s140/ble_conn_params.o
 .text.sd_ble_gap_disconnect
                0x000000000002a8c0        0x4 Output/Release/Obj/ble_app_uart_pca10056_s140/ble_conn_params.o
 .text.sd_ble_gap_ppcp_set
                0x000000000002a8c4        0x4 Output/Release/Obj/ble_app_uart_pca10056_s140/ble_conn_params.o
 .text.sd_ble_gap_ppcp_get
                0x000000000002a8c8        0x4 Output/Release/Obj/ble_app_uart_pca10056_s140/ble_conn_params.o
 .text.instance_get
                0x000000000002a8cc       0x14 Output/Release/Obj/ble_app_uart_pca10056_s140/ble_conn_params.o
 .text.send_error_evt
                0x000000000002a8e0       0x10 Output/Release/Obj/ble_app_uart_pca10056_s140/ble_conn_params.o
 .text.update_timeout_handler
                0x000000000002a8f0       0x70 Output/Release/Obj/ble_app_uart_pca10056_s140/ble_conn_params.o
 .text.conn_params_negotiation
                0x000000000002a960       0x48 Output/Release/Obj/ble_app_uart_pca10056_s140/ble_conn_params.o
 .text.is_conn_params_ok.constprop.0
                0x000000000002a9a8       0x32 Output/Release/Obj/ble_app_uart_pca10056_s140/ble_conn_params.o
 *fill*         0x000000000002a9da        0x2 
 .text.ble_evt_handler
                0x000000000002a9dc       0xe0 Output/Release/Obj/ble_app_uart_pca10056_s140/ble_conn_params.o
 .text.ble_conn_params_init
                0x000000000002aabc       0x74 Output/Release/Obj/ble_app_uart_pca10056_s140/ble_conn_params.o
                0x000000000002aabc                ble_conn_params_init
 .text.conn_handle_list_get
                0x000000000002ab30       0x2e Output/Release/Obj/ble_app_uart_pca10056_s140/ble_conn_state.o
                0x000000000002ab30                conn_handle_list_get
 *fill*         0x000000000002ab5e        0x2 
 .text.ble_evt_handler
                0x000000000002ab60       0xe0 Output/Release/Obj/ble_app_uart_pca10056_s140/ble_conn_state.o
 .text.ble_conn_state_valid
                0x000000000002ac40       0x14 Output/Release/Obj/ble_app_uart_pca10056_s140/ble_conn_state.o
                0x000000000002ac40                ble_conn_state_valid
 .text.ble_conn_state_conn_idx
                0x000000000002ac54       0x12 Output/Release/Obj/ble_app_uart_pca10056_s140/ble_conn_state.o
                0x000000000002ac54                ble_conn_state_conn_idx
 .text.blcm_link_ctx_get
                0x000000000002ac66       0x4e Output/Release/Obj/ble_app_uart_pca10056_s140/ble_link_ctx_manager.o
                0x000000000002ac66                blcm_link_ctx_get
 .text.sd_ble_gatts_characteristic_add
                0x000000000002acb4        0x4 Output/Release/Obj/ble_app_uart_pca10056_s140/ble_srv_common.o
 .text.set_security_req
                0x000000000002acb8       0x2a Output/Release/Obj/ble_app_uart_pca10056_s140/ble_srv_common.o
 .text.ble_srv_is_notification_enabled
                0x000000000002ace2        0x8 Output/Release/Obj/ble_app_uart_pca10056_s140/ble_srv_common.o
                0x000000000002ace2                ble_srv_is_notification_enabled
 .text.characteristic_add
                0x000000000002acea      0x148 Output/Release/Obj/ble_app_uart_pca10056_s140/ble_srv_common.o
                0x000000000002acea                characteristic_add
 .text.sd_ble_gap_data_length_update
                0x000000000002ae32        0x4 Output/Release/Obj/ble_app_uart_pca10056_s140/nrf_ble_gatt.o
 .text.sd_ble_gattc_exchange_mtu_request
                0x000000000002ae36        0x4 Output/Release/Obj/ble_app_uart_pca10056_s140/nrf_ble_gatt.o
 .text.sd_ble_gatts_exchange_mtu_reply
                0x000000000002ae3a        0x4 Output/Release/Obj/ble_app_uart_pca10056_s140/nrf_ble_gatt.o
 *fill*         0x000000000002ae3e        0x2 
 .text.data_length_update
                0x000000000002ae40       0x84 Output/Release/Obj/ble_app_uart_pca10056_s140/nrf_ble_gatt.o
 .text.nrf_ble_gatt_init
                0x000000000002aec4       0x28 Output/Release/Obj/ble_app_uart_pca10056_s140/nrf_ble_gatt.o
                0x000000000002aec4                nrf_ble_gatt_init
 .text.nrf_ble_gatt_att_mtu_periph_set
                0x000000000002aeec       0x18 Output/Release/Obj/ble_app_uart_pca10056_s140/nrf_ble_gatt.o
                0x000000000002aeec                nrf_ble_gatt_att_mtu_periph_set
 .text.nrf_ble_gatt_on_ble_evt
                0x000000000002af04      0x1b0 Output/Release/Obj/ble_app_uart_pca10056_s140/nrf_ble_gatt.o
                0x000000000002af04                nrf_ble_gatt_on_ble_evt
 .text.sd_ble_gatts_rw_authorize_reply
                0x000000000002b0b4        0x4 Output/Release/Obj/ble_app_uart_pca10056_s140/nrf_ble_qwr.o
 .text.sd_ble_user_mem_reply
                0x000000000002b0b8        0x4 Output/Release/Obj/ble_app_uart_pca10056_s140/nrf_ble_qwr.o
 .text.user_mem_reply.part.0
                0x000000000002b0bc       0x24 Output/Release/Obj/ble_app_uart_pca10056_s140/nrf_ble_qwr.o
 .text.nrf_ble_qwr_init
                0x000000000002b0e0       0x24 Output/Release/Obj/ble_app_uart_pca10056_s140/nrf_ble_qwr.o
                0x000000000002b0e0                nrf_ble_qwr_init
 .text.nrf_ble_qwr_conn_handle_assign
                0x000000000002b104       0x16 Output/Release/Obj/ble_app_uart_pca10056_s140/nrf_ble_qwr.o
                0x000000000002b104                nrf_ble_qwr_conn_handle_assign
 .text.nrf_ble_qwr_on_ble_evt
                0x000000000002b11a       0xa6 Output/Release/Obj/ble_app_uart_pca10056_s140/nrf_ble_qwr.o
                0x000000000002b11a                nrf_ble_qwr_on_ble_evt
 .text.sd_ble_gatts_service_add
                0x000000000002b1c0        0x4 Output/Release/Obj/ble_app_uart_pca10056_s140/ble_nus.o
 .text.sd_ble_gatts_value_get
                0x000000000002b1c4        0x4 Output/Release/Obj/ble_app_uart_pca10056_s140/ble_nus.o
 .text.sd_ble_gatts_hvx
                0x000000000002b1c8        0x4 Output/Release/Obj/ble_app_uart_pca10056_s140/ble_nus.o
 .text.sd_ble_uuid_vs_add
                0x000000000002b1cc        0x4 Output/Release/Obj/ble_app_uart_pca10056_s140/ble_nus.o
 .text.ble_nus_on_ble_evt
                0x000000000002b1d0      0x116 Output/Release/Obj/ble_app_uart_pca10056_s140/ble_nus.o
                0x000000000002b1d0                ble_nus_on_ble_evt
 *fill*         0x000000000002b2e6        0x2 
 .text.ble_nus_init
                0x000000000002b2e8       0xf4 Output/Release/Obj/ble_app_uart_pca10056_s140/ble_nus.o
                0x000000000002b2e8                ble_nus_init
 .text.ble_nus_data_send
                0x000000000002b3dc       0x64 Output/Release/Obj/ble_app_uart_pca10056_s140/ble_nus.o
                0x000000000002b3dc                ble_nus_data_send
 .text.sd_softdevice_enable
                0x000000000002b440        0x4 Output/Release/Obj/ble_app_uart_pca10056_s140/nrf_sdh.o
 .text.sdh_request_observer_notify
                0x000000000002b444       0x30 Output/Release/Obj/ble_app_uart_pca10056_s140/nrf_sdh.o
 .text.sdh_state_observer_notify
                0x000000000002b474       0x28 Output/Release/Obj/ble_app_uart_pca10056_s140/nrf_sdh.o
 .text.softdevices_evt_irq_enable
                0x000000000002b49c       0x38 Output/Release/Obj/ble_app_uart_pca10056_s140/nrf_sdh.o
 .text.nrf_sdh_enable_request
                0x000000000002b4d4       0x7c Output/Release/Obj/ble_app_uart_pca10056_s140/nrf_sdh.o
                0x000000000002b4d4                nrf_sdh_enable_request
 .text.nrf_sdh_is_enabled
                0x000000000002b550        0xc Output/Release/Obj/ble_app_uart_pca10056_s140/nrf_sdh.o
                0x000000000002b550                nrf_sdh_is_enabled
 .text.nrf_sdh_evts_poll
                0x000000000002b55c       0x28 Output/Release/Obj/ble_app_uart_pca10056_s140/nrf_sdh.o
                0x000000000002b55c                nrf_sdh_evts_poll
 .text.SWI2_EGU2_IRQHandler
                0x000000000002b584        0x4 Output/Release/Obj/ble_app_uart_pca10056_s140/nrf_sdh.o
                0x000000000002b584                SWI2_EGU2_IRQHandler
 .text.sd_ble_enable
                0x000000000002b588        0x4 Output/Release/Obj/ble_app_uart_pca10056_s140/nrf_sdh_ble.o
 .text.sd_ble_cfg_set
                0x000000000002b58c        0x4 Output/Release/Obj/ble_app_uart_pca10056_s140/nrf_sdh_ble.o
 .text.sd_ble_evt_get
                0x000000000002b590        0x4 Output/Release/Obj/ble_app_uart_pca10056_s140/nrf_sdh_ble.o
 .text.nrf_sdh_ble_evts_poll.part.0
                0x000000000002b594       0x54 Output/Release/Obj/ble_app_uart_pca10056_s140/nrf_sdh_ble.o
 .text.nrf_sdh_ble_evts_poll
                0x000000000002b5e8       0x10 Output/Release/Obj/ble_app_uart_pca10056_s140/nrf_sdh_ble.o
 .text.nrf_sdh_ble_default_cfg_set
                0x000000000002b5f8      0x180 Output/Release/Obj/ble_app_uart_pca10056_s140/nrf_sdh_ble.o
                0x000000000002b5f8                nrf_sdh_ble_default_cfg_set
 .text.nrf_sdh_ble_enable
                0x000000000002b778       0x98 Output/Release/Obj/ble_app_uart_pca10056_s140/nrf_sdh_ble.o
                0x000000000002b778                nrf_sdh_ble_enable
 .text.sd_evt_get
                0x000000000002b810        0x4 Output/Release/Obj/ble_app_uart_pca10056_s140/nrf_sdh_soc.o
 .text.nrf_sdh_soc_evts_poll
                0x000000000002b814       0x40 Output/Release/Obj/ble_app_uart_pca10056_s140/nrf_sdh_soc.o
 .text.libc.__int64_udivmod
                0x000000000002b854       0xce /Applications/SEGGER Embedded Studio for ARM 5.68/lib/libc_v7em_fpv4_sp_d16_hard_t_le_eabi.a(libc_asm.o)
                0x000000000002b854                __int64_udivmod
                0x000000000002b854                __aeabi_uldivmod
                0x000000000002b854                __int64_udiv
                0x000000000002b854                __udivdi3
 *fill*         0x000000000002b922        0x2 
 .text.libc.__RAL_ascii_isctype
                0x000000000002b924       0x1c /Applications/SEGGER Embedded Studio for ARM 5.68/lib/libc_v7em_fpv4_sp_d16_hard_t_le_eabi.a(libc2.o)
 .text.libc.__RAL_ascii_toupper
                0x000000000002b940        0xc /Applications/SEGGER Embedded Studio for ARM 5.68/lib/libc_v7em_fpv4_sp_d16_hard_t_le_eabi.a(libc2.o)
 .text.libc.__RAL_ascii_tolower
                0x000000000002b94c        0xc /Applications/SEGGER Embedded Studio for ARM 5.68/lib/libc_v7em_fpv4_sp_d16_hard_t_le_eabi.a(libc2.o)
 .text.libc.__RAL_ascii_wctomb
                0x000000000002b958       0x10 /Applications/SEGGER Embedded Studio for ARM 5.68/lib/libc_v7em_fpv4_sp_d16_hard_t_le_eabi.a(libc2.o)
                0x000000000002b958                __RAL_ascii_wctomb
 .text.libc.__RAL_ascii_mbtowc
                0x000000000002b968       0x24 /Applications/SEGGER Embedded Studio for ARM 5.68/lib/libc_v7em_fpv4_sp_d16_hard_t_le_eabi.a(libc2.o)
                0x000000000002b968                __RAL_ascii_mbtowc
 .text.libc.__RAL_ascii_towupper
                0x000000000002b98c        0xc /Applications/SEGGER Embedded Studio for ARM 5.68/lib/libc_v7em_fpv4_sp_d16_hard_t_le_eabi.a(libc2.o)
 .text.libc.__RAL_ascii_towlower
                0x000000000002b998        0xc /Applications/SEGGER Embedded Studio for ARM 5.68/lib/libc_v7em_fpv4_sp_d16_hard_t_le_eabi.a(libc2.o)
 .text.libc.__RAL_ascii_iswctype
                0x000000000002b9a4       0x1c /Applications/SEGGER Embedded Studio for ARM 5.68/lib/libc_v7em_fpv4_sp_d16_hard_t_le_eabi.a(libc2.o)
 .text.libc.isprint
                0x000000000002b9c0       0x10 /Applications/SEGGER Embedded Studio for ARM 5.68/lib/libc_v7em_fpv4_sp_d16_hard_t_le_eabi.a(libc2.o)
                0x000000000002b9c0                isprint
 .text.libc.puts
                0x000000000002b9d0       0x34 /Applications/SEGGER Embedded Studio for ARM 5.68/lib/libc_v7em_fpv4_sp_d16_hard_t_le_eabi.a(libc2.o)
                0x000000000002b9d0                puts
 .text.libc.memcpy
                0x000000000002ba04       0x52 /Applications/SEGGER Embedded Studio for ARM 5.68/lib/libc_v7em_fpv4_sp_d16_hard_t_le_eabi.a(libc2_asm.o)
                0x000000000002ba04                memcpy
                0x000000000002ba04                __aeabi_memcpy
                0x000000000002ba10                __aeabi_memcpy4
                0x000000000002ba10                __aeabi_memcpy8
 .text.libc.memset
                0x000000000002ba56       0x66 /Applications/SEGGER Embedded Studio for ARM 5.68/lib/libc_v7em_fpv4_sp_d16_hard_t_le_eabi.a(libc2_asm.o)
                0x000000000002ba56                memset
 .text.libc.strcpy
                0x000000000002babc       0x44 /Applications/SEGGER Embedded Studio for ARM 5.68/lib/libc_v7em_fpv4_sp_d16_hard_t_le_eabi.a(libc2_asm.o)
                0x000000000002babc                strcpy
 .text.libc.strlen
                0x000000000002bb00       0x60 /Applications/SEGGER Embedded Studio for ARM 5.68/lib/libc_v7em_fpv4_sp_d16_hard_t_le_eabi.a(libc2_asm.o)
                0x000000000002bb00                strlen
 .text.libc.__printf_lock
                0x000000000002bb60        0x4 /Applications/SEGGER Embedded Studio for ARM 5.68/lib/libc_v7em_fpv4_sp_d16_hard_t_le_eabi.a(libc.o)
                0x000000000002bb60                __printf_lock
 .text.libc.__printf_unlock
                0x000000000002bb64        0x4 /Applications/SEGGER Embedded Studio for ARM 5.68/lib/libc_v7em_fpv4_sp_d16_hard_t_le_eabi.a(libc.o)
                0x000000000002bb64                __printf_unlock
                0x000000000002bb68                __text_end__ = (__text_start__ + SIZEOF (.text))
                0x0000000000005794                __text_size__ = SIZEOF (.text)
                0x000000000002bb68                __text_load_end__ = __text_end__

.vfp11_veneer   0x0000000100000000        0x0
 .vfp11_veneer  0x0000000100000000        0x0 linker stubs

.v4_bx          0x0000000100000000        0x0
 .v4_bx         0x0000000100000000        0x0 linker stubs

.iplt           0x0000000100000000        0x0
 .iplt          0x0000000100000000        0x0 Output/Release/Obj/ble_app_uart_pca10056_s140/thumb_crt0.o
                0x0000000000000001                . = ASSERT (((__text_start__ == __text_end__) || ((__text_end__ - __FLASH_segment_start__) <= __FLASH_segment_size__)), error: .text is too large to fit in FLASH memory segment)
                0x000000000002bb68                __sdh_soc_observers_load_start__ = ALIGN (__text_end__, 0x4)

.sdh_soc_observers
                0x000000000002bb68       0x10
                0x000000000002bb68                __sdh_soc_observers_start__ = .
                0x000000000002bb68                __start_sdh_soc_observers = __sdh_soc_observers_start__
 *(SORT_BY_NAME(.sdh_soc_observers*))
 .sdh_soc_observers0
                0x000000000002bb68        0x8 Output/Release/Obj/ble_app_uart_pca10056_s140/nrf_drv_clock.o
 .sdh_soc_observers1
                0x000000000002bb70        0x8 Output/Release/Obj/ble_app_uart_pca10056_s140/main.o
                0x000000000002bb78                __sdh_soc_observers_end__ = (__sdh_soc_observers_start__ + SIZEOF (.sdh_soc_observers))
                0x0000000000000010                __sdh_soc_observers_size__ = SIZEOF (.sdh_soc_observers)
                0x000000000002bb78                __stop_sdh_soc_observers = __sdh_soc_observers_end__
                0x000000000002bb78                __sdh_soc_observers_load_end__ = __sdh_soc_observers_end__
                0x0000000000000001                . = ASSERT (((__sdh_soc_observers_start__ == __sdh_soc_observers_end__) || ((__sdh_soc_observers_end__ - __FLASH_segment_start__) <= __FLASH_segment_size__)), error: .sdh_soc_observers is too large to fit in FLASH memory segment)
                0x000000000002bb78                __sdh_ble_observers_load_start__ = ALIGN (__sdh_soc_observers_end__, 0x4)

.sdh_ble_observers
                0x000000000002bb78       0x40
                0x000000000002bb78                __sdh_ble_observers_start__ = .
                0x000000000002bb78                __start_sdh_ble_observers = __sdh_ble_observers_start__
 *(SORT_BY_NAME(.sdh_ble_observers*))
 .sdh_ble_observers0
                0x000000000002bb78        0x8 Output/Release/Obj/ble_app_uart_pca10056_s140/ble_conn_state.o
 .sdh_ble_observers1
                0x000000000002bb80        0x8 Output/Release/Obj/ble_app_uart_pca10056_s140/bsp_btn_ble.o
 .sdh_ble_observers1
                0x000000000002bb88       0x10 Output/Release/Obj/ble_app_uart_pca10056_s140/main.o
 .sdh_ble_observers1
                0x000000000002bb98        0x8 Output/Release/Obj/ble_app_uart_pca10056_s140/ble_conn_params.o
 .sdh_ble_observers2
                0x000000000002bba0       0x10 Output/Release/Obj/ble_app_uart_pca10056_s140/main.o
 .sdh_ble_observers3
                0x000000000002bbb0        0x8 Output/Release/Obj/ble_app_uart_pca10056_s140/main.o
                0x000000000002bbb8                __sdh_ble_observers_end__ = (__sdh_ble_observers_start__ + SIZEOF (.sdh_ble_observers))
                0x0000000000000040                __sdh_ble_observers_size__ = SIZEOF (.sdh_ble_observers)
                0x000000000002bbb8                __stop_sdh_ble_observers = __sdh_ble_observers_end__
                0x000000000002bbb8                __sdh_ble_observers_load_end__ = __sdh_ble_observers_end__
                0x0000000000000001                . = ASSERT (((__sdh_ble_observers_start__ == __sdh_ble_observers_end__) || ((__sdh_ble_observers_end__ - __FLASH_segment_start__) <= __FLASH_segment_size__)), error: .sdh_ble_observers is too large to fit in FLASH memory segment)
                0x000000000002bbb8                __pwr_mgmt_data_load_start__ = ALIGN (__sdh_ble_observers_end__, 0x4)

.pwr_mgmt_data  0x000000000002bbb8        0x0
                0x000000000002bbb8                __pwr_mgmt_data_start__ = .
                0x000000000002bbb8                __start_pwr_mgmt_data = __pwr_mgmt_data_start__
 *(SORT_BY_NAME(.pwr_mgmt_data*))
                0x000000000002bbb8                __pwr_mgmt_data_end__ = (__pwr_mgmt_data_start__ + SIZEOF (.pwr_mgmt_data))
                0x0000000000000000                __pwr_mgmt_data_size__ = SIZEOF (.pwr_mgmt_data)
                0x000000000002bbb8                __stop_pwr_mgmt_data = __pwr_mgmt_data_end__
                0x000000000002bbb8                __pwr_mgmt_data_load_end__ = __pwr_mgmt_data_end__
                0x0000000000000001                . = ASSERT (((__pwr_mgmt_data_start__ == __pwr_mgmt_data_end__) || ((__pwr_mgmt_data_end__ - __FLASH_segment_start__) <= __FLASH_segment_size__)), error: .pwr_mgmt_data is too large to fit in FLASH memory segment)
                0x000000000002bbb8                __sdh_stack_observers_load_start__ = ALIGN (__pwr_mgmt_data_end__, 0x4)

.sdh_stack_observers
                0x000000000002bbb8       0x10
                0x000000000002bbb8                __sdh_stack_observers_start__ = .
                0x000000000002bbb8                __start_sdh_stack_observers = __sdh_stack_observers_start__
 *(SORT_BY_NAME(.sdh_stack_observers*))
 .sdh_stack_observers0
                0x000000000002bbb8        0x8 Output/Release/Obj/ble_app_uart_pca10056_s140/nrf_sdh_ble.o
 .sdh_stack_observers0
                0x000000000002bbc0        0x8 Output/Release/Obj/ble_app_uart_pca10056_s140/nrf_sdh_soc.o
                0x000000000002bbc8                __sdh_stack_observers_end__ = (__sdh_stack_observers_start__ + SIZEOF (.sdh_stack_observers))
                0x0000000000000010                __sdh_stack_observers_size__ = SIZEOF (.sdh_stack_observers)
                0x000000000002bbc8                __stop_sdh_stack_observers = __sdh_stack_observers_end__
                0x000000000002bbc8                __sdh_stack_observers_load_end__ = __sdh_stack_observers_end__
                0x0000000000000001                . = ASSERT (((__sdh_stack_observers_start__ == __sdh_stack_observers_end__) || ((__sdh_stack_observers_end__ - __FLASH_segment_start__) <= __FLASH_segment_size__)), error: .sdh_stack_observers is too large to fit in FLASH memory segment)
                0x000000000002bbc8                __sdh_req_observers_load_start__ = ALIGN (__sdh_stack_observers_end__, 0x4)

.sdh_req_observers
                0x000000000002bbc8        0x0
                0x000000000002bbc8                __sdh_req_observers_start__ = .
                0x000000000002bbc8                __start_sdh_req_observers = __sdh_req_observers_start__
 *(SORT_BY_NAME(.sdh_req_observers*))
                0x000000000002bbc8                __sdh_req_observers_end__ = (__sdh_req_observers_start__ + SIZEOF (.sdh_req_observers))
                0x0000000000000000                __sdh_req_observers_size__ = SIZEOF (.sdh_req_observers)
                0x000000000002bbc8                __stop_sdh_req_observers = __sdh_req_observers_end__
                0x000000000002bbc8                __sdh_req_observers_load_end__ = __sdh_req_observers_end__
                0x0000000000000001                . = ASSERT (((__sdh_req_observers_start__ == __sdh_req_observers_end__) || ((__sdh_req_observers_end__ - __FLASH_segment_start__) <= __FLASH_segment_size__)), error: .sdh_req_observers is too large to fit in FLASH memory segment)
                0x000000000002bbc8                __sdh_state_observers_load_start__ = ALIGN (__sdh_req_observers_end__, 0x4)

.sdh_state_observers
                0x000000000002bbc8        0x8
                0x000000000002bbc8                __sdh_state_observers_start__ = .
                0x000000000002bbc8                __start_sdh_state_observers = __sdh_state_observers_start__
 *(SORT_BY_NAME(.sdh_state_observers*))
 .sdh_state_observers0
                0x000000000002bbc8        0x8 Output/Release/Obj/ble_app_uart_pca10056_s140/nrf_drv_clock.o
                0x000000000002bbd0                __sdh_state_observers_end__ = (__sdh_state_observers_start__ + SIZEOF (.sdh_state_observers))
                0x0000000000000008                __sdh_state_observers_size__ = SIZEOF (.sdh_state_observers)
                0x000000000002bbd0                __stop_sdh_state_observers = __sdh_state_observers_end__
                0x000000000002bbd0                __sdh_state_observers_load_end__ = __sdh_state_observers_end__
                0x0000000000000001                . = ASSERT (((__sdh_state_observers_start__ == __sdh_state_observers_end__) || ((__sdh_state_observers_end__ - __FLASH_segment_start__) <= __FLASH_segment_size__)), error: .sdh_state_observers is too large to fit in FLASH memory segment)
                0x000000000002bbd0                __nrf_queue_load_start__ = ALIGN (__sdh_state_observers_end__, 0x4)

.nrf_queue      0x000000000002bbd0        0x0
                0x000000000002bbd0                __nrf_queue_start__ = .
                0x000000000002bbd0                __start_nrf_queue = __nrf_queue_start__
 *(.nrf_queue*)
                0x000000000002bbd0                __nrf_queue_end__ = (__nrf_queue_start__ + SIZEOF (.nrf_queue))
                0x0000000000000000                __nrf_queue_size__ = SIZEOF (.nrf_queue)
                0x000000000002bbd0                __stop_nrf_queue = __nrf_queue_end__
                0x000000000002bbd0                __nrf_queue_load_end__ = __nrf_queue_end__
                0x0000000000000001                . = ASSERT (((__nrf_queue_start__ == __nrf_queue_end__) || ((__nrf_queue_end__ - __FLASH_segment_start__) <= __FLASH_segment_size__)), error: .nrf_queue is too large to fit in FLASH memory segment)
                0x000000000002bbd0                __nrf_balloc_load_start__ = ALIGN (__nrf_queue_end__, 0x4)

.nrf_balloc     0x000000000002bbd0       0x14
                0x000000000002bbd0                __nrf_balloc_start__ = .
                0x000000000002bbd0                __start_nrf_balloc = __nrf_balloc_start__
 *(.nrf_balloc*)
 .nrf_balloc    0x000000000002bbd0       0x14 Output/Release/Obj/ble_app_uart_pca10056_s140/nrf_log_frontend.o
                0x000000000002bbd0                log_mempool
                0x000000000002bbe4                __nrf_balloc_end__ = (__nrf_balloc_start__ + SIZEOF (.nrf_balloc))
                0x0000000000000014                __nrf_balloc_size__ = SIZEOF (.nrf_balloc)
                0x000000000002bbe4                __stop_nrf_balloc = __nrf_balloc_end__
                0x000000000002bbe4                __nrf_balloc_load_end__ = __nrf_balloc_end__
                0x0000000000000001                . = ASSERT (((__nrf_balloc_start__ == __nrf_balloc_end__) || ((__nrf_balloc_end__ - __FLASH_segment_start__) <= __FLASH_segment_size__)), error: .nrf_balloc is too large to fit in FLASH memory segment)
                0x000000000002bbe4                __cli_command_load_start__ = ALIGN (__nrf_balloc_end__, 0x4)

.cli_command    0x000000000002bbe4        0x0
                0x000000000002bbe4                __cli_command_start__ = .
                0x000000000002bbe4                __start_cli_command = __cli_command_start__
 *(.cli_command*)
                0x000000000002bbe4                __cli_command_end__ = (__cli_command_start__ + SIZEOF (.cli_command))
                0x0000000000000000                __cli_command_size__ = SIZEOF (.cli_command)
                0x000000000002bbe4                __stop_cli_command = __cli_command_end__
                0x000000000002bbe4                __cli_command_load_end__ = __cli_command_end__
                0x0000000000000001                . = ASSERT (((__cli_command_start__ == __cli_command_end__) || ((__cli_command_end__ - __FLASH_segment_start__) <= __FLASH_segment_size__)), error: .cli_command is too large to fit in FLASH memory segment)
                0x000000000002bbe4                __crypto_data_load_start__ = ALIGN (__cli_command_end__, 0x4)

.crypto_data    0x000000000002bbe4        0x0
                0x000000000002bbe4                __crypto_data_start__ = .
                0x000000000002bbe4                __start_crypto_data = __crypto_data_start__
 *(SORT_BY_NAME(.crypto_data*))
                0x000000000002bbe4                __crypto_data_end__ = (__crypto_data_start__ + SIZEOF (.crypto_data))
                0x0000000000000000                __crypto_data_size__ = SIZEOF (.crypto_data)
                0x000000000002bbe4                __stop_crypto_data = __crypto_data_end__
                0x000000000002bbe4                __crypto_data_load_end__ = __crypto_data_end__
                0x0000000000000001                . = ASSERT (((__crypto_data_start__ == __crypto_data_end__) || ((__crypto_data_end__ - __FLASH_segment_start__) <= __FLASH_segment_size__)), error: .crypto_data is too large to fit in FLASH memory segment)
                0x000000000002bbe4                __log_const_data_load_start__ = ALIGN (__crypto_data_end__, 0x4)

.log_const_data
                0x000000000002bbe4       0x68
                0x000000000002bbe4                __log_const_data_start__ = .
                0x000000000002bbe4                __start_log_const_data = __log_const_data_start__
 *(SORT_BY_NAME(.log_const_data*))
 .log_const_data_CLOCK
                0x000000000002bbe4        0x8 Output/Release/Obj/ble_app_uart_pca10056_s140/nrfx_clock.o
                0x000000000002bbe4                m_nrf_log_CLOCK_logs_data_const
 .log_const_data_GPIOTE
                0x000000000002bbec        0x8 Output/Release/Obj/ble_app_uart_pca10056_s140/nrfx_gpiote.o
                0x000000000002bbec                m_nrf_log_GPIOTE_logs_data_const
 .log_const_data_PRS
                0x000000000002bbf4        0x8 Output/Release/Obj/ble_app_uart_pca10056_s140/nrfx_prs.o
                0x000000000002bbf4                m_nrf_log_PRS_logs_data_const
 .log_const_data_UART
                0x000000000002bbfc        0x8 Output/Release/Obj/ble_app_uart_pca10056_s140/nrfx_uart.o
                0x000000000002bbfc                m_nrf_log_UART_logs_data_const
 .log_const_data_UARTE
                0x000000000002bc04        0x8 Output/Release/Obj/ble_app_uart_pca10056_s140/nrfx_uarte.o
                0x000000000002bc04                m_nrf_log_UARTE_logs_data_const
 .log_const_data_app
                0x000000000002bc0c        0x8 Output/Release/Obj/ble_app_uart_pca10056_s140/nrf_log_frontend.o
                0x000000000002bc0c                m_nrf_log_app_logs_data_const
 .log_const_data_ble_nus
                0x000000000002bc14        0x8 Output/Release/Obj/ble_app_uart_pca10056_s140/ble_nus.o
                0x000000000002bc14                m_nrf_log_ble_nus_logs_data_const
 .log_const_data_clock
                0x000000000002bc1c        0x8 Output/Release/Obj/ble_app_uart_pca10056_s140/nrf_drv_clock.o
                0x000000000002bc1c                m_nrf_log_clock_logs_data_const
 .log_const_data_nrf_ble_gatt
                0x000000000002bc24        0x8 Output/Release/Obj/ble_app_uart_pca10056_s140/nrf_ble_gatt.o
                0x000000000002bc24                m_nrf_log_nrf_ble_gatt_logs_data_const
 .log_const_data_nrf_sdh
                0x000000000002bc2c        0x8 Output/Release/Obj/ble_app_uart_pca10056_s140/nrf_sdh.o
                0x000000000002bc2c                m_nrf_log_nrf_sdh_logs_data_const
 .log_const_data_nrf_sdh_ble
                0x000000000002bc34        0x8 Output/Release/Obj/ble_app_uart_pca10056_s140/nrf_sdh_ble.o
                0x000000000002bc34                m_nrf_log_nrf_sdh_ble_logs_data_const
 .log_const_data_nrf_sdh_soc
                0x000000000002bc3c        0x8 Output/Release/Obj/ble_app_uart_pca10056_s140/nrf_sdh_soc.o
                0x000000000002bc3c                m_nrf_log_nrf_sdh_soc_logs_data_const
 .log_const_data_pwr_mgmt
                0x000000000002bc44        0x8 Output/Release/Obj/ble_app_uart_pca10056_s140/nrf_pwr_mgmt.o
                0x000000000002bc44                m_nrf_log_pwr_mgmt_logs_data_const
                0x000000000002bc4c                __log_const_data_end__ = (__log_const_data_start__ + SIZEOF (.log_const_data))
                0x0000000000000068                __log_const_data_size__ = SIZEOF (.log_const_data)
                0x000000000002bc4c                __stop_log_const_data = __log_const_data_end__
                0x000000000002bc4c                __log_const_data_load_end__ = __log_const_data_end__
                0x0000000000000001                . = ASSERT (((__log_const_data_start__ == __log_const_data_end__) || ((__log_const_data_end__ - __FLASH_segment_start__) <= __FLASH_segment_size__)), error: .log_const_data is too large to fit in FLASH memory segment)
                0x000000000002bc4c                __log_backends_load_start__ = ALIGN (__log_const_data_end__, 0x4)

.log_backends   0x000000000002bc4c       0x10
                0x000000000002bc4c                __log_backends_start__ = .
                0x000000000002bc4c                __start_log_backends = __log_backends_start__
 *(SORT_BY_NAME(.log_backends*))
 .log_backends  0x000000000002bc4c       0x10 Output/Release/Obj/ble_app_uart_pca10056_s140/nrf_log_default_backends.o
                0x000000000002bc5c                __log_backends_end__ = (__log_backends_start__ + SIZEOF (.log_backends))
                0x0000000000000010                __log_backends_size__ = SIZEOF (.log_backends)
                0x000000000002bc5c                __stop_log_backends = __log_backends_end__
                0x000000000002bc5c                __log_backends_load_end__ = __log_backends_end__
                0x0000000000000001                . = ASSERT (((__log_backends_start__ == __log_backends_end__) || ((__log_backends_end__ - __FLASH_segment_start__) <= __FLASH_segment_size__)), error: .log_backends is too large to fit in FLASH memory segment)
                0x000000000002bc5c                __nrf_sections_load_start__ = ALIGN (__log_backends_end__, 0x4)

.nrf_sections   0x000000000002bc5c        0x0
                0x000000000002bc5c                __nrf_sections_start__ = .
                0x000000000002bc5c                __start_nrf_sections = __nrf_sections_start__
 *(.nrf_sections .nrf_sections.*)
                0x000000000002bc5c                __nrf_sections_end__ = (__nrf_sections_start__ + SIZEOF (.nrf_sections))
                0x0000000000000000                __nrf_sections_size__ = SIZEOF (.nrf_sections)
                0x000000000002bc5c                __nrf_sections_load_end__ = __nrf_sections_end__
                0x0000000000000001                . = ASSERT (((__nrf_sections_start__ == __nrf_sections_end__) || ((__nrf_sections_end__ - __FLASH_segment_start__) <= __FLASH_segment_size__)), error: .nrf_sections is too large to fit in FLASH memory segment)
                0x000000000002bc5c                __cli_sorted_cmd_ptrs_load_start__ = ALIGN (__nrf_sections_end__, 0x4)

.cli_sorted_cmd_ptrs
                0x0000000020002a98        0x0 load address 0x000000000002bc5c
                0x0000000020002a98                __cli_sorted_cmd_ptrs_start__ = .
 *(.cli_sorted_cmd_ptrs*)
                0x0000000020002a98                __cli_sorted_cmd_ptrs_end__ = (__cli_sorted_cmd_ptrs_start__ + SIZEOF (.cli_sorted_cmd_ptrs))
                0x0000000000000000                __cli_sorted_cmd_ptrs_size__ = SIZEOF (.cli_sorted_cmd_ptrs)
                0x000000000002bc5c                __cli_sorted_cmd_ptrs_load_end__ = (__cli_sorted_cmd_ptrs_load_start__ + SIZEOF (.cli_sorted_cmd_ptrs))
                0x0000000000000001                . = ASSERT (((__cli_sorted_cmd_ptrs_load_start__ == __cli_sorted_cmd_ptrs_load_end__) || ((__cli_sorted_cmd_ptrs_load_end__ - __FLASH_segment_start__) <= __FLASH_segment_size__)), error: .cli_sorted_cmd_ptrs is too large to fit in FLASH memory segment)

.cli_sorted_cmd_ptrs_run
                0x0000000020002a98        0x0
                0x0000000020002a98                __cli_sorted_cmd_ptrs_run_start__ = .
                0x0000000020002a98                __start_cli_sorted_cmd_ptrs = __cli_sorted_cmd_ptrs_run_start__
                0x0000000020002a98                __cli_sorted_cmd_ptrs_run_end__ = (__cli_sorted_cmd_ptrs_run_start__ + SIZEOF (.cli_sorted_cmd_ptrs))
                0x0000000000000000                __cli_sorted_cmd_ptrs_run_size__ = (__cli_sorted_cmd_ptrs_run_end__ - __cli_sorted_cmd_ptrs_run_start__)
                0x0000000020002a98                __stop_cli_sorted_cmd_ptrs = __cli_sorted_cmd_ptrs_run_end__
                0x0000000020002a98                __cli_sorted_cmd_ptrs_run_load_end__ = __cli_sorted_cmd_ptrs_run_end__
                0x0000000000000001                . = ASSERT (((__cli_sorted_cmd_ptrs_run_start__ == __cli_sorted_cmd_ptrs_run_end__) || ((__cli_sorted_cmd_ptrs_run_end__ - __RAM_segment_start__) <= __RAM_segment_size__)), error: .cli_sorted_cmd_ptrs_run is too large to fit in RAM memory segment)
                0x000000000002bc5c                __fs_data_load_start__ = ALIGN ((__cli_sorted_cmd_ptrs_load_start__ + SIZEOF (.cli_sorted_cmd_ptrs)), 0x4)

.fs_data        0x0000000020002a98        0x0 load address 0x000000000002bc5c
                0x0000000020002a98                __fs_data_start__ = .
 *(.fs_data*)
                0x0000000020002a98                __fs_data_end__ = (__fs_data_start__ + SIZEOF (.fs_data))
                0x0000000000000000                __fs_data_size__ = SIZEOF (.fs_data)
                0x000000000002bc5c                __fs_data_load_end__ = (__fs_data_load_start__ + SIZEOF (.fs_data))
                0x0000000000000001                . = ASSERT (((__fs_data_load_start__ == __fs_data_load_end__) || ((__fs_data_load_end__ - __FLASH_segment_start__) <= __FLASH_segment_size__)), error: .fs_data is too large to fit in FLASH memory segment)

.fs_data_run    0x0000000020002a98        0x0
                0x0000000020002a98                __fs_data_run_start__ = .
                0x0000000020002a98                __start_fs_data = __fs_data_run_start__
                0x0000000020002a98                __fs_data_run_end__ = (__fs_data_run_start__ + SIZEOF (.fs_data))
                0x0000000000000000                __fs_data_run_size__ = (__fs_data_run_end__ - __fs_data_run_start__)
                0x0000000020002a98                __stop_fs_data = __fs_data_run_end__
                0x0000000020002a98                __fs_data_run_load_end__ = __fs_data_run_end__
                0x0000000000000001                . = ASSERT (((__fs_data_run_start__ == __fs_data_run_end__) || ((__fs_data_run_end__ - __RAM_segment_start__) <= __RAM_segment_size__)), error: .fs_data_run is too large to fit in RAM memory segment)
                0x000000000002bc5c                __log_dynamic_data_load_start__ = ALIGN ((__fs_data_load_start__ + SIZEOF (.fs_data)), 0x4)

.log_dynamic_data
                0x0000000020002a98        0x0 load address 0x000000000002bc5c
                0x0000000020002a98                __log_dynamic_data_start__ = .
 *(SORT_BY_NAME(.log_dynamic_data*))
                0x0000000020002a98                __log_dynamic_data_end__ = (__log_dynamic_data_start__ + SIZEOF (.log_dynamic_data))
                0x0000000000000000                __log_dynamic_data_size__ = SIZEOF (.log_dynamic_data)
                0x000000000002bc5c                __log_dynamic_data_load_end__ = (__log_dynamic_data_load_start__ + SIZEOF (.log_dynamic_data))
                0x0000000000000001                . = ASSERT (((__log_dynamic_data_load_start__ == __log_dynamic_data_load_end__) || ((__log_dynamic_data_load_end__ - __FLASH_segment_start__) <= __FLASH_segment_size__)), error: .log_dynamic_data is too large to fit in FLASH memory segment)

.log_dynamic_data_run
                0x0000000020002a98        0x0
                0x0000000020002a98                __log_dynamic_data_run_start__ = .
                0x0000000020002a98                __start_log_dynamic_data = __log_dynamic_data_run_start__
                0x0000000020002a98                __log_dynamic_data_run_end__ = (__log_dynamic_data_run_start__ + SIZEOF (.log_dynamic_data))
                0x0000000000000000                __log_dynamic_data_run_size__ = (__log_dynamic_data_run_end__ - __log_dynamic_data_run_start__)
                0x0000000020002a98                __stop_log_dynamic_data = __log_dynamic_data_run_end__
                0x0000000020002a98                __log_dynamic_data_run_load_end__ = __log_dynamic_data_run_end__
                0x0000000000000001                . = ASSERT (((__log_dynamic_data_run_start__ == __log_dynamic_data_run_end__) || ((__log_dynamic_data_run_end__ - __RAM_segment_start__) <= __RAM_segment_size__)), error: .log_dynamic_data_run is too large to fit in RAM memory segment)
                0x000000000002bc5c                __log_filter_data_load_start__ = ALIGN ((__log_dynamic_data_load_start__ + SIZEOF (.log_dynamic_data)), 0x4)

.log_filter_data
                0x0000000020002a98        0x0 load address 0x000000000002bc5c
                0x0000000020002a98                __log_filter_data_start__ = .
 *(SORT_BY_NAME(.log_filter_data*))
                0x0000000020002a98                __log_filter_data_end__ = (__log_filter_data_start__ + SIZEOF (.log_filter_data))
                0x0000000000000000                __log_filter_data_size__ = SIZEOF (.log_filter_data)
                0x000000000002bc5c                __log_filter_data_load_end__ = (__log_filter_data_load_start__ + SIZEOF (.log_filter_data))
                0x0000000000000001                . = ASSERT (((__log_filter_data_load_start__ == __log_filter_data_load_end__) || ((__log_filter_data_load_end__ - __FLASH_segment_start__) <= __FLASH_segment_size__)), error: .log_filter_data is too large to fit in FLASH memory segment)

.log_filter_data_run
                0x0000000020002a98        0x0
                0x0000000020002a98                __log_filter_data_run_start__ = .
                0x0000000020002a98                __start_log_filter_data = __log_filter_data_run_start__
                0x0000000020002a98                __log_filter_data_run_end__ = (__log_filter_data_run_start__ + SIZEOF (.log_filter_data))
                0x0000000000000000                __log_filter_data_run_size__ = (__log_filter_data_run_end__ - __log_filter_data_run_start__)
                0x0000000020002a98                __stop_log_filter_data = __log_filter_data_run_end__
                0x0000000020002a98                __log_filter_data_run_load_end__ = __log_filter_data_run_end__
                0x0000000000000001                . = ASSERT (((__log_filter_data_run_start__ == __log_filter_data_run_end__) || ((__log_filter_data_run_end__ - __RAM_segment_start__) <= __RAM_segment_size__)), error: .log_filter_data_run is too large to fit in RAM memory segment)
                0x0000000020002a98                __nrf_sections_run_end_load_start__ = ALIGN (__log_filter_data_run_end__, 0x4)

.nrf_sections_run_end
                0x0000000020002a98        0x0
                0x0000000020002a98                __nrf_sections_run_end_start__ = .
                0x0000000020002a98                __end_nrf_sections_run = __nrf_sections_run_end_start__
 *(.nrf_sections_run_end .nrf_sections_run_end.*)
                0x0000000020002a98                __nrf_sections_run_end_end__ = (__nrf_sections_run_end_start__ + SIZEOF (.nrf_sections_run_end))
                0x0000000000000000                __nrf_sections_run_end_size__ = SIZEOF (.nrf_sections_run_end)
                0x0000000020002a98                __nrf_sections_run_end_load_end__ = __nrf_sections_run_end_end__
                0x0000000000000001                . = ASSERT (((__nrf_sections_run_end_start__ == __nrf_sections_run_end_end__) || ((__nrf_sections_run_end_end__ - __RAM_segment_start__) <= __RAM_segment_size__)), error: .nrf_sections_run_end is too large to fit in RAM memory segment)
                0x000000000002bc5c                __dtors_load_start__ = ALIGN ((__log_filter_data_load_start__ + SIZEOF (.log_filter_data)), 0x4)

.dtors          0x000000000002bc5c        0x0
                0x000000000002bc5c                __dtors_start__ = .
 *(SORT_BY_NAME(.dtors.*))
 *(.dtors)
 *(.fini_array)
 *(SORT_BY_NAME(.fini_array.*))
                0x000000000002bc5c                __dtors_end__ = (__dtors_start__ + SIZEOF (.dtors))
                0x0000000000000000                __dtors_size__ = SIZEOF (.dtors)
                0x000000000002bc5c                __dtors_load_end__ = __dtors_end__
                0x0000000000000001                . = ASSERT (((__dtors_start__ == __dtors_end__) || ((__dtors_end__ - __FLASH_segment_start__) <= __FLASH_segment_size__)), error: .dtors is too large to fit in FLASH memory segment)
                0x000000000002bc5c                __ctors_load_start__ = ALIGN (__dtors_end__, 0x4)

.ctors          0x000000000002bc5c        0x0
                0x000000000002bc5c                __ctors_start__ = .
 *(SORT_BY_NAME(.ctors.*))
 *(.ctors)
 *(.init_array)
 *(SORT_BY_NAME(.init_array.*))
                0x000000000002bc5c                __ctors_end__ = (__ctors_start__ + SIZEOF (.ctors))
                0x0000000000000000                __ctors_size__ = SIZEOF (.ctors)
                0x000000000002bc5c                __ctors_load_end__ = __ctors_end__
                0x0000000000000001                . = ASSERT (((__ctors_start__ == __ctors_end__) || ((__ctors_end__ - __FLASH_segment_start__) <= __FLASH_segment_size__)), error: .ctors is too large to fit in FLASH memory segment)
                0x000000000002bc5c                __rodata_load_start__ = ALIGN (__ctors_end__, 0x4)

.rodata         0x000000000002bc5c      0xe16
                0x000000000002bc5c                __rodata_start__ = .
 *(.rodata .rodata.* .gnu.linkonce.r.*)
 *fill*         0x000000000002bc5c        0x4 
 .rodata.delay_bytecode.0
                0x000000000002bc60        0x6 Output/Release/Obj/ble_app_uart_pca10056_s140/nrf_log_backend_rtt.o
 *fill*         0x000000000002bc66        0x2 
 .rodata.nrf_log_backend_rtt_api
                0x000000000002bc68        0xc Output/Release/Obj/ble_app_uart_pca10056_s140/nrf_log_backend_rtt.o
                0x000000000002bc68                nrf_log_backend_rtt_api
 .rodata.str1.1
                0x000000000002bc74       0x10 Output/Release/Obj/ble_app_uart_pca10056_s140/nrf_log_default_backends.o
 .rodata.nrf_log_frontend_dequeue.str1.1
                0x000000000002bc84       0x11 Output/Release/Obj/ble_app_uart_pca10056_s140/nrf_log_frontend.o
 .rodata.str1.1
                0x000000000002bc95        0x4 Output/Release/Obj/ble_app_uart_pca10056_s140/nrf_log_frontend.o
 *fill*         0x000000000002bc99        0x3 
 .rodata.m_log_push_ringbuf
                0x000000000002bc9c        0xc Output/Release/Obj/ble_app_uart_pca10056_s140/nrf_log_frontend.o
 .rodata.prefix_process.str1.1
                0x000000000002bca8       0x32 Output/Release/Obj/ble_app_uart_pca10056_s140/nrf_log_str_formatter.o
 .rodata.postfix_process.str1.1
                0x000000000002bcda       0x32 Output/Release/Obj/ble_app_uart_pca10056_s140/nrf_log_str_formatter.o
                                          0x3 (size before relaxing)
 .rodata.nrf_log_hexdump_entry_process.str1.1
                0x000000000002bcda        0xf Output/Release/Obj/ble_app_uart_pca10056_s140/nrf_log_str_formatter.o
                                         0x11 (size before relaxing)
 .rodata.str1.1
                0x000000000002bce9       0x4b Output/Release/Obj/ble_app_uart_pca10056_s140/nrf_log_str_formatter.o
                                         0x51 (size before relaxing)
 .rodata.m_colors
                0x000000000002bd34       0x24 Output/Release/Obj/ble_app_uart_pca10056_s140/nrf_log_str_formatter.o
 .rodata.severity_names
                0x000000000002bd58       0x14 Output/Release/Obj/ble_app_uart_pca10056_s140/nrf_log_str_formatter.o
 .rodata.m_detection_delay_timer_id
                0x000000000002bd6c        0x4 Output/Release/Obj/ble_app_uart_pca10056_s140/app_button.o
 .rodata.app_error_fault_handler.str1.1
                0x000000000002bd70       0x19 Output/Release/Obj/ble_app_uart_pca10056_s140/app_error_weak.o
 *fill*         0x000000000002bd89        0x7 
 .rodata.delay_bytecode.0